<!doctype html public "-//w3c//dtd html 4.0 transitional//en">
<html><head>
<title>Static Call Graph - [Vape_Project\Vape_Project.axf]</title></head>
<body><HR>
<H1>Static Call Graph for image Vape_Project\Vape_Project.axf</H1><HR>
<BR><P>#&#060CALLGRAPH&#062# ARM Linker, 5060750: Last Updated: Sat Aug 08 12:43:55 2020
<BR><P>
<H3>Maximum Stack Usage =        600 bytes + Unknown(Cycles, Untraceable Function Pointers)</H3><H3>
Call chain for Maximum Stack Depth:</H3>
Main_interface &rArr; Main_operation &rArr; Disp_Data_Arc &rArr; Disp_Arc_angle &rArr; MapNoRulebmpToBitmap_ex &rArr; GUI_MEMDEV_CreateFixed &rArr; GUI_MEMDEV__CreateFixed &rArr; GUI_DEVICE_Create &rArr; GUI_ALLOC_GetFixedBlock &rArr; _InitOnce &rArr; _EnlargeBlocks &rArr; _Alloc &rArr;  _InitOnce (Cycle)
<P>
<H3>
Mutually Recursive functions
</H3> <LI><a href="#[38]">DMA1_Stream1_IRQHandler</a>&nbsp;&nbsp;&nbsp;&rArr;&nbsp;&nbsp;&nbsp;<a href="#[38]">DMA1_Stream1_IRQHandler</a><BR>
 <LI><a href="#[472]">_Findy1</a>&nbsp;&nbsp;&nbsp;&rArr;&nbsp;&nbsp;&nbsp;<a href="#[472]">_Findy1</a><BR>
 <LI><a href="#[474]">_Findx1</a>&nbsp;&nbsp;&nbsp;&rArr;&nbsp;&nbsp;&nbsp;<a href="#[474]">_Findx1</a><BR>
 <LI><a href="#[473]">_Findx0</a>&nbsp;&nbsp;&nbsp;&rArr;&nbsp;&nbsp;&nbsp;<a href="#[473]">_Findx0</a><BR>
 <LI><a href="#[27a]">_Alloc</a>&nbsp;&nbsp;&nbsp;&rArr;&nbsp;&nbsp;&nbsp;<a href="#[280]">_InitOnce</a><BR>
 <LI><a href="#[436]">_Error_Handler</a>&nbsp;&nbsp;&nbsp;&rArr;&nbsp;&nbsp;&nbsp;<a href="#[436]">_Error_Handler</a><BR>
 <LI><a href="#[46e]">WM__InvalidateRect</a>&nbsp;&nbsp;&nbsp;&rArr;&nbsp;&nbsp;&nbsp;<a href="#[46e]">WM__InvalidateRect</a><BR>
 <LI><a href="#[46f]">WM_InvalidateWindowAndDescsEx</a>&nbsp;&nbsp;&nbsp;&rArr;&nbsp;&nbsp;&nbsp;<a href="#[46f]">WM_InvalidateWindowAndDescsEx</a><BR>
 <LI><a href="#[469]">WM__InvalidateDrawAndDescs</a>&nbsp;&nbsp;&nbsp;&rArr;&nbsp;&nbsp;&nbsp;<a href="#[469]">WM__InvalidateDrawAndDescs</a><BR>
 <LI><a href="#[465]">WM_SendToParent</a>&nbsp;&nbsp;&nbsp;&rArr;&nbsp;&nbsp;&nbsp;<a href="#[462]">WM__SendMessage</a><BR>
</UL>
<P>
<H3>
Function Pointers
</H3><UL>
 <LI><a href="#[3e]">ADC_IRQHandler</a> from stm32f4xx_it.o(i.ADC_IRQHandler) referenced from startup_stm32f401xe.o(RESET)
 <LI><a href="#[ca]">AUTO_MODE_Set_interface</a> from system_settings_interface.o(i.AUTO_MODE_Set_interface) referenced from system_settings_interface.o(.constdata)
 <LI><a href="#[8e]">Arc_Elongation</a> from main interface.o(i.Arc_Elongation) referenced from main interface.o(i.Disp_Arc_angle)
 <LI><a href="#[90]">Arc_SPPElongation</a> from main interface.o(i.Arc_SPPElongation) referenced from main interface.o(i.Disp_Arc_angle)
 <LI><a href="#[8f]">Arc_SPPShorten</a> from main interface.o(i.Arc_SPPShorten) referenced from main interface.o(i.Disp_Arc_angle)
 <LI><a href="#[6d]">Atomizer_inquiry_interface</a> from atomizer_inquiry_interface.o(i.Atomizer_inquiry_interface) referenced from public.o(i.Atomizer_inquiry_GOTO)
 <LI><a href="#[6d]">Atomizer_inquiry_interface</a> from atomizer_inquiry_interface.o(i.Atomizer_inquiry_interface) referenced from screensaver_interface.o(i.Screensaver_interface)
 <LI><a href="#[78]">BOOT_LOGO_interface</a> from one_power_interface.o(i.BOOT_LOGO_interface) referenced from battery_charging_interface.o(i.Battery_charging_interface)
 <LI><a href="#[78]">BOOT_LOGO_interface</a> from one_power_interface.o(i.BOOT_LOGO_interface) referenced from one_power_interface.o(i.One_Power_interface)
 <LI><a href="#[78]">BOOT_LOGO_interface</a> from one_power_interface.o(i.BOOT_LOGO_interface) referenced from system_off_interface.o(i.System_off_interface)
 <LI><a href="#[78]">BOOT_LOGO_interface</a> from one_power_interface.o(i.BOOT_LOGO_interface) referenced from alarm_interface.o(i.USB_Warning_interface)
 <LI><a href="#[70]">Batt_error_interface</a> from alarm_interface.o(i.Batt_error_interface) referenced from public.o(i.Batt_error_GOTO)
 <LI><a href="#[69]">Battery_charging_interface</a> from battery_charging_interface.o(i.Battery_charging_interface) referenced from system_settings_interface.o(i.AUTO_MODE_Set_interface)
 <LI><a href="#[69]">Battery_charging_interface</a> from battery_charging_interface.o(i.Battery_charging_interface) referenced from atomizer_inquiry_interface.o(i.Atomizer_inquiry_interface)
 <LI><a href="#[69]">Battery_charging_interface</a> from battery_charging_interface.o(i.Battery_charging_interface) referenced from system_settings_interface.o(i.BrightScreen_time_Set_interface)
 <LI><a href="#[69]">Battery_charging_interface</a> from battery_charging_interface.o(i.Battery_charging_interface) referenced from system_settings_interface.o(i.Brightness_Set_interface)
 <LI><a href="#[69]">Battery_charging_interface</a> from battery_charging_interface.o(i.Battery_charging_interface) referenced from custom_curve_adjustment_interface.o(i.CCT_Custom_Data_Set_interface)
 <LI><a href="#[69]">Battery_charging_interface</a> from battery_charging_interface.o(i.Battery_charging_interface) referenced from custom_curve_adjustment_interface.o(i.CCV_Custom_Data_Set_interface)
 <LI><a href="#[69]">Battery_charging_interface</a> from battery_charging_interface.o(i.Battery_charging_interface) referenced from diy_menu_interface.o(i.CC_SET_menu_interface)
 <LI><a href="#[69]">Battery_charging_interface</a> from battery_charging_interface.o(i.Battery_charging_interface) referenced from custom_curve_adjustment_interface.o(i.Custom_Data_Set_interface)
 <LI><a href="#[69]">Battery_charging_interface</a> from battery_charging_interface.o(i.Battery_charging_interface) referenced from diy_menu_interface.o(i.DIY_menu_interface)
 <LI><a href="#[69]">Battery_charging_interface</a> from battery_charging_interface.o(i.Battery_charging_interface) referenced from system_settings_interface.o(i.Default_Set_interface)
 <LI><a href="#[69]">Battery_charging_interface</a> from battery_charging_interface.o(i.Battery_charging_interface) referenced from firmware_tim_interface.o(i.Firmware_Tim_interface)
 <LI><a href="#[69]">Battery_charging_interface</a> from battery_charging_interface.o(i.Battery_charging_interface) referenced from system_settings_interface.o(i.KEY_LIGHT_Set_interface)
 <LI><a href="#[69]">Battery_charging_interface</a> from battery_charging_interface.o(i.Battery_charging_interface) referenced from public.o(i.Key_smoke)
 <LI><a href="#[69]">Battery_charging_interface</a> from battery_charging_interface.o(i.Battery_charging_interface) referenced from lock_resis_interface.o(i.LOCK_Resis_interface)
 <LI><a href="#[69]">Battery_charging_interface</a> from battery_charging_interface.o(i.Battery_charging_interface) referenced from main interface.o(i.Main_interface)
 <LI><a href="#[69]">Battery_charging_interface</a> from battery_charging_interface.o(i.Battery_charging_interface) referenced from main_menu_interface.o(i.Main_menu_interface)
 <LI><a href="#[69]">Battery_charging_interface</a> from battery_charging_interface.o(i.Battery_charging_interface) referenced from system_settings_interface.o(i.PUFF_Set_interface)
 <LI><a href="#[69]">Battery_charging_interface</a> from battery_charging_interface.o(i.Battery_charging_interface) referenced from rtc_set_interface.o(i.RTC_Set_interface)
 <LI><a href="#[69]">Battery_charging_interface</a> from battery_charging_interface.o(i.Battery_charging_interface) referenced from system_settings_interface.o(i.SMART_Set_interface)
 <LI><a href="#[69]">Battery_charging_interface</a> from battery_charging_interface.o(i.Battery_charging_interface) referenced from public.o(i.Screen_GOTO_charging)
 <LI><a href="#[69]">Battery_charging_interface</a> from battery_charging_interface.o(i.Battery_charging_interface) referenced from screensaver_interface.o(i.Screensaver_interface)
 <LI><a href="#[69]">Battery_charging_interface</a> from battery_charging_interface.o(i.Battery_charging_interface) referenced from system_settings_interface.o(i.System_Set_Menu_interface)
 <LI><a href="#[69]">Battery_charging_interface</a> from battery_charging_interface.o(i.Battery_charging_interface) referenced from system_off_interface.o(i.System_off_interface)
 <LI><a href="#[69]">Battery_charging_interface</a> from battery_charging_interface.o(i.Battery_charging_interface) referenced from tcr_adjust_interface.o(i.TCR_Data_Set_interface)
 <LI><a href="#[69]">Battery_charging_interface</a> from battery_charging_interface.o(i.Battery_charging_interface) referenced from alarm_interface.o(i.USB_Warning_interface)
 <LI><a href="#[69]">Battery_charging_interface</a> from battery_charging_interface.o(i.Battery_charging_interface) referenced from system_settings_interface.o(i.VIBRATE_Set_interface)
 <LI><a href="#[69]">Battery_charging_interface</a> from battery_charging_interface.o(i.Battery_charging_interface) referenced from diy_menu_interface.o(i.VT_SET_menu_interface)
 <LI><a href="#[69]">Battery_charging_interface</a> from battery_charging_interface.o(i.Battery_charging_interface) referenced from diy_menu_interface.o(i.VW_SET_menu_interface)
 <LI><a href="#[69]">Battery_charging_interface</a> from battery_charging_interface.o(i.Battery_charging_interface) referenced from alarm_interface.o(i.Warning_interface)
 <LI><a href="#[79]">BrightScreen_time_Data_update</a> from system_settings_interface.o(i.BrightScreen_time_Data_update) referenced from system_settings_interface.o(i.BrightScreen_time_Set_windows)
 <LI><a href="#[79]">BrightScreen_time_Data_update</a> from system_settings_interface.o(i.BrightScreen_time_Data_update) referenced from system_settings_interface.o(i.BrightScreen_time_touch)
 <LI><a href="#[cb]">BrightScreen_time_Set_interface</a> from system_settings_interface.o(i.BrightScreen_time_Set_interface) referenced from system_settings_interface.o(.constdata)
 <LI><a href="#[c7]">Brightness_Set_interface</a> from system_settings_interface.o(i.Brightness_Set_interface) referenced from system_settings_interface.o(.constdata)
 <LI><a href="#[26]">BusFault_Handler</a> from stm32f4xx_it.o(i.BusFault_Handler) referenced from startup_stm32f401xe.o(RESET)
 <LI><a href="#[7e]">Bypass_Output_control</a> from bypass_mode_control.o(i.Bypass_Output_control) referenced from bypass_mode_control.o(i.Bypass_mode_int)
 <LI><a href="#[86]">CCT_Custom_Data_Set_interface</a> from custom_curve_adjustment_interface.o(i.CCT_Custom_Data_Set_interface) referenced from diy_menu_interface.o(i.CC_SET_menu_operation)
 <LI><a href="#[86]">CCT_Custom_Data_Set_interface</a> from custom_curve_adjustment_interface.o(i.CCT_Custom_Data_Set_interface) referenced from main interface.o(i.Main_operation)
 <LI><a href="#[85]">CCV_Custom_Data_Set_interface</a> from custom_curve_adjustment_interface.o(i.CCV_Custom_Data_Set_interface) referenced from diy_menu_interface.o(i.CC_SET_menu_operation)
 <LI><a href="#[85]">CCV_Custom_Data_Set_interface</a> from custom_curve_adjustment_interface.o(i.CCV_Custom_Data_Set_interface) referenced from main interface.o(i.Main_operation)
 <LI><a href="#[80]">CCV_Custom_Data_update</a> from custom_curve_adjustment_interface.o(i.CCV_Custom_Data_update) referenced from custom_curve_adjustment_interface.o(i.CCV_SET_Operation)
 <LI><a href="#[83]">CC_SET_menu_interface</a> from diy_menu_interface.o(i.CC_SET_menu_interface) referenced from diy_menu_interface.o(i.CC_SET_menu_operation)
 <LI><a href="#[83]">CC_SET_menu_interface</a> from diy_menu_interface.o(i.CC_SET_menu_interface) referenced from diy_menu_interface.o(i.Main_menu_operation)
 <LI><a href="#[8]">CUSTOM_HID_DeInit_FS</a> from usbd_custom_hid_if.o(i.CUSTOM_HID_DeInit_FS) referenced 2 times from usbd_custom_hid_if.o(.data)
 <LI><a href="#[7]">CUSTOM_HID_Init_FS</a> from usbd_custom_hid_if.o(i.CUSTOM_HID_Init_FS) referenced 2 times from usbd_custom_hid_if.o(.data)
 <LI><a href="#[9]">CUSTOM_HID_OutEvent_FS</a> from usbd_custom_hid_if.o(i.CUSTOM_HID_OutEvent_FS) referenced 2 times from usbd_custom_hid_if.o(.data)
 <LI><a href="#[8b]">Custom_CCT_Output_control</a> from curvecct_mode_control.o(i.Custom_CCT_Output_control) referenced from curvecct_mode_control.o(i.Custom_CCT_mode_int)
 <LI><a href="#[8c]">Custom_CCV_Output_control</a> from curveccv_mode_control.o(i.Custom_CCV_Output_control) referenced from curveccv_mode_control.o(i.Custom_CCV_mode_int)
 <LI><a href="#[84]">Custom_Data_Set_interface</a> from custom_curve_adjustment_interface.o(i.Custom_Data_Set_interface) referenced from diy_menu_interface.o(i.CC_SET_menu_operation)
 <LI><a href="#[84]">Custom_Data_Set_interface</a> from custom_curve_adjustment_interface.o(i.Custom_Data_Set_interface) referenced from main interface.o(i.Main_operation)
 <LI><a href="#[7f]">Custom_Data_update</a> from custom_curve_adjustment_interface.o(i.Custom_Data_update) referenced from custom_curve_adjustment_interface.o(i.CCT_SET_Operation)
 <LI><a href="#[7f]">Custom_Data_update</a> from custom_curve_adjustment_interface.o(i.Custom_Data_update) referenced from custom_curve_adjustment_interface.o(i.CCW_SET_Operation)
 <LI><a href="#[8d]">Custom_Output_control</a> from curvewatt_mode_control.o(i.Custom_Output_control) referenced from curvewatt_mode_control.o(i.Custom_mode_int)
 <LI><a href="#[81]">DIY_menu_interface</a> from diy_menu_interface.o(i.DIY_menu_interface) referenced from diy_menu_interface.o(i.CC_SET_coordinate_Init)
 <LI><a href="#[81]">DIY_menu_interface</a> from diy_menu_interface.o(i.DIY_menu_interface) referenced from diy_menu_interface.o(i.CC_SET_menu_operation)
 <LI><a href="#[81]">DIY_menu_interface</a> from diy_menu_interface.o(i.DIY_menu_interface) referenced 2 times from main_menu_interface.o(i.Main_menu_operation)
 <LI><a href="#[81]">DIY_menu_interface</a> from diy_menu_interface.o(i.DIY_menu_interface) referenced from diy_menu_interface.o(i.VT_SET_coordinate_Init)
 <LI><a href="#[81]">DIY_menu_interface</a> from diy_menu_interface.o(i.DIY_menu_interface) referenced from diy_menu_interface.o(i.VT_SET_menu_operation)
 <LI><a href="#[81]">DIY_menu_interface</a> from diy_menu_interface.o(i.DIY_menu_interface) referenced from diy_menu_interface.o(i.VW_SET_coordinate_Init)
 <LI><a href="#[37]">DMA1_Stream0_IRQHandler</a> from stm32f4xx_it.o(i.DMA1_Stream0_IRQHandler) referenced from startup_stm32f401xe.o(RESET)
 <LI><a href="#[38]">DMA1_Stream1_IRQHandler</a> from startup_stm32f401xe.o(.text) referenced from startup_stm32f401xe.o(RESET)
 <LI><a href="#[39]">DMA1_Stream2_IRQHandler</a> from startup_stm32f401xe.o(.text) referenced from startup_stm32f401xe.o(RESET)
 <LI><a href="#[3a]">DMA1_Stream3_IRQHandler</a> from startup_stm32f401xe.o(.text) referenced from startup_stm32f401xe.o(RESET)
 <LI><a href="#[3b]">DMA1_Stream4_IRQHandler</a> from startup_stm32f401xe.o(.text) referenced from startup_stm32f401xe.o(RESET)
 <LI><a href="#[3c]">DMA1_Stream5_IRQHandler</a> from startup_stm32f401xe.o(.text) referenced from startup_stm32f401xe.o(RESET)
 <LI><a href="#[3d]">DMA1_Stream6_IRQHandler</a> from startup_stm32f401xe.o(.text) referenced from startup_stm32f401xe.o(RESET)
 <LI><a href="#[52]">DMA1_Stream7_IRQHandler</a> from startup_stm32f401xe.o(.text) referenced from startup_stm32f401xe.o(RESET)
 <LI><a href="#[56]">DMA2_Stream0_IRQHandler</a> from startup_stm32f401xe.o(.text) referenced from startup_stm32f401xe.o(RESET)
 <LI><a href="#[57]">DMA2_Stream1_IRQHandler</a> from startup_stm32f401xe.o(.text) referenced from startup_stm32f401xe.o(RESET)
 <LI><a href="#[58]">DMA2_Stream2_IRQHandler</a> from startup_stm32f401xe.o(.text) referenced from startup_stm32f401xe.o(RESET)
 <LI><a href="#[59]">DMA2_Stream3_IRQHandler</a> from startup_stm32f401xe.o(.text) referenced from startup_stm32f401xe.o(RESET)
 <LI><a href="#[5a]">DMA2_Stream4_IRQHandler</a> from startup_stm32f401xe.o(.text) referenced from startup_stm32f401xe.o(RESET)
 <LI><a href="#[5c]">DMA2_Stream5_IRQHandler</a> from startup_stm32f401xe.o(.text) referenced from startup_stm32f401xe.o(RESET)
 <LI><a href="#[5d]">DMA2_Stream6_IRQHandler</a> from startup_stm32f401xe.o(.text) referenced from startup_stm32f401xe.o(RESET)
 <LI><a href="#[5e]">DMA2_Stream7_IRQHandler</a> from startup_stm32f401xe.o(.text) referenced from startup_stm32f401xe.o(RESET)
 <LI><a href="#[29]">DebugMon_Handler</a> from stm32f4xx_it.o(i.DebugMon_Handler) referenced from startup_stm32f401xe.o(RESET)
 <LI><a href="#[c5]">Default_Set_interface</a> from system_settings_interface.o(i.Default_Set_interface) referenced from system_settings_interface.o(.constdata)
 <LI><a href="#[12]">Disp_Sleep_NOP</a> from app_sleeping.o(i.Disp_Sleep_NOP) referenced 2 times from app_sleeping.o(.data)
 <LI><a href="#[12]">Disp_Sleep_NOP</a> from app_sleeping.o(i.Disp_Sleep_NOP) referenced from one_power_interface.o(i.BOOT_LOGO_interface)
 <LI><a href="#[32]">EXTI0_IRQHandler</a> from startup_stm32f401xe.o(.text) referenced from startup_stm32f401xe.o(RESET)
 <LI><a href="#[4f]">EXTI15_10_IRQHandler</a> from stm32f4xx_it.o(i.EXTI15_10_IRQHandler) referenced from startup_stm32f401xe.o(RESET)
 <LI><a href="#[33]">EXTI1_IRQHandler</a> from startup_stm32f401xe.o(.text) referenced from startup_stm32f401xe.o(RESET)
 <LI><a href="#[34]">EXTI2_IRQHandler</a> from startup_stm32f401xe.o(.text) referenced from startup_stm32f401xe.o(RESET)
 <LI><a href="#[35]">EXTI3_IRQHandler</a> from startup_stm32f401xe.o(.text) referenced from startup_stm32f401xe.o(RESET)
 <LI><a href="#[36]">EXTI4_IRQHandler</a> from startup_stm32f401xe.o(.text) referenced from startup_stm32f401xe.o(RESET)
 <LI><a href="#[3f]">EXTI9_5_IRQHandler</a> from stm32f4xx_it.o(i.EXTI9_5_IRQHandler) referenced from startup_stm32f401xe.o(RESET)
 <LI><a href="#[67]">FIRE_TO_UNLOCK_windows</a> from alarm_interface.o(i.FIRE_TO_UNLOCK_windows) referenced from public.o(i.ADDSUB_LOCK_GOTO)
 <LI><a href="#[67]">FIRE_TO_UNLOCK_windows</a> from alarm_interface.o(i.FIRE_TO_UNLOCK_windows) referenced from public.o(i.Key_smoke)
 <LI><a href="#[67]">FIRE_TO_UNLOCK_windows</a> from alarm_interface.o(i.FIRE_TO_UNLOCK_windows) referenced from alarm_interface.o(i.Warning_interface)
 <LI><a href="#[30]">FLASH_IRQHandler</a> from startup_stm32f401xe.o(.text) referenced from startup_stm32f401xe.o(RESET)
 <LI><a href="#[62]">FPU_IRQHandler</a> from startup_stm32f401xe.o(.text) referenced from startup_stm32f401xe.o(RESET)
 <LI><a href="#[ce]">Firmware_Tim_interface</a> from firmware_tim_interface.o(i.Firmware_Tim_interface) referenced from system_settings_interface.o(.constdata)
 <LI><a href="#[ff]">GUIMONO_DispChar</a> from gui_charm.o(i.GUIMONO_DispChar) referenced from f6x8.o(.constdata)
 <LI><a href="#[100]">GUIMONO_GetCharDistX</a> from gui_charm.o(i.GUIMONO_GetCharDistX) referenced from f6x8.o(.constdata)
 <LI><a href="#[101]">GUIMONO_GetFontInfo</a> from gui_charm.o(i.GUIMONO_GetFontInfo) referenced from f6x8.o(.constdata)
 <LI><a href="#[102]">GUIMONO_IsInFont</a> from gui_charm.o(i.GUIMONO_IsInFont) referenced from f6x8.o(.constdata)
 <LI><a href="#[eb]">GUIPROP_AA2_EXT_DispChar</a> from guiaa_char2ext.o(i.GUIPROP_AA2_EXT_DispChar) referenced 16 times from century45gothic10_808.o(.constdata)
 <LI><a href="#[ec]">GUIPROP_EXT_GetCharDistX</a> from gui_charpext.o(i.GUIPROP_EXT_GetCharDistX) referenced 16 times from century45gothic10_808.o(.constdata)
 <LI><a href="#[ef]">GUIPROP_EXT_GetCharInfo</a> from gui_charpext.o(i.GUIPROP_EXT_GetCharInfo) referenced 16 times from century45gothic10_808.o(.constdata)
 <LI><a href="#[ed]">GUIPROP_EXT_GetFontInfo</a> from gui_charpext.o(i.GUIPROP_EXT_GetFontInfo) referenced 16 times from century45gothic10_808.o(.constdata)
 <LI><a href="#[ee]">GUIPROP_EXT_IsInFont</a> from gui_charpext.o(i.GUIPROP_EXT_IsInFont) referenced 16 times from century45gothic10_808.o(.constdata)
 <LI><a href="#[19]">GUIPROP_EXT__ClearLine</a> from gui_encext.o(i.GUIPROP_EXT__ClearLine) referenced 2 times from gui_encext.o(.data)
 <LI><a href="#[f3]">GUIPROP_EXT__DispLine</a> from gui_encext.o(i.GUIPROP_EXT__DispLine) referenced from gui_encext.o(.constdata)
 <LI><a href="#[89]">GUI_DrawStreamedBitmapA565Ex</a> from gui_stream.o(i.GUI_DrawStreamedBitmapA565Ex) referenced from main interface.o(i.Clear_SP_Vape_Arc)
 <LI><a href="#[89]">GUI_DrawStreamedBitmapA565Ex</a> from gui_stream.o(i.GUI_DrawStreamedBitmapA565Ex) referenced from vt_mode_set_interface.o(i.Disp_DATA_Adjust_Name)
 <LI><a href="#[89]">GUI_DrawStreamedBitmapA565Ex</a> from gui_stream.o(i.GUI_DrawStreamedBitmapA565Ex) referenced 3 times from tcr_adjust_interface.o(i.Disp_L_Arrow)
 <LI><a href="#[89]">GUI_DrawStreamedBitmapA565Ex</a> from gui_stream.o(i.GUI_DrawStreamedBitmapA565Ex) referenced 3 times from tcr_adjust_interface.o(i.Disp_R_Arrow)
 <LI><a href="#[89]">GUI_DrawStreamedBitmapA565Ex</a> from gui_stream.o(i.GUI_DrawStreamedBitmapA565Ex) referenced from main interface.o(i.Disp_SP_Vape_Arc)
 <LI><a href="#[89]">GUI_DrawStreamedBitmapA565Ex</a> from gui_stream.o(i.GUI_DrawStreamedBitmapA565Ex) referenced from main interface.o(i.LOCK_Res_update)
 <LI><a href="#[89]">GUI_DrawStreamedBitmapA565Ex</a> from gui_stream.o(i.GUI_DrawStreamedBitmapA565Ex) referenced from main_menu_interface.o(i.Menu_Page_Init)
 <LI><a href="#[89]">GUI_DrawStreamedBitmapA565Ex</a> from gui_stream.o(i.GUI_DrawStreamedBitmapA565Ex) referenced from main_menu_interface.o(i.Selected_Cursor)
 <LI><a href="#[89]">GUI_DrawStreamedBitmapA565Ex</a> from gui_stream.o(i.GUI_DrawStreamedBitmapA565Ex) referenced from system_settings_interface.o(i.VIBRATE_Data_update)
 <LI><a href="#[89]">GUI_DrawStreamedBitmapA565Ex</a> from gui_stream.o(i.GUI_DrawStreamedBitmapA565Ex) referenced from main interface.o(i.Vape_MP3_Beat)
 <LI><a href="#[c0]">GUI_MEMDEV__WriteToActiveOpaque</a> from guidev_writetoactiveopaque.o(i.GUI_MEMDEV__WriteToActiveOpaque) referenced 2 times from guidev_1.o(i._GetDevFunc)
 <LI><a href="#[135]">GUI_USAGE_BM_AddHLine</a> from guidev_usagebm.o(i.GUI_USAGE_BM_AddHLine) referenced from guidev_usagebm.o(.constdata)
 <LI><a href="#[134]">GUI_USAGE_BM_AddPixel</a> from guidev_usagebm.o(i.GUI_USAGE_BM_AddPixel) referenced from guidev_usagebm.o(.constdata)
 <LI><a href="#[136]">GUI_USAGE_BM_Clear</a> from guidev_usagebm.o(i.GUI_USAGE_BM_Clear) referenced from guidev_usagebm.o(.constdata)
 <LI><a href="#[138]">GUI_USAGE_BM_GetNextDirty</a> from guidev_usagebm.o(i.GUI_USAGE_BM_GetNextDirty) referenced from guidev_usagebm.o(.constdata)
 <LI><a href="#[1b]">GUI_X_ExecIdle</a> from gui_x.o(i.GUI_X_ExecIdle) referenced 2 times from gui_waitevent.o(.data)
 <LI><a href="#[1c]">GUI__MixColors</a> from gui__alpha.o(i.GUI__MixColors) referenced 2 times from gui__alpha.o(.data)
 <LI><a href="#[1d]">GUI__MixColorsBulk</a> from gui__alpha.o(i.GUI__MixColorsBulk) referenced 2 times from gui__alpha.o(.data)
 <LI><a href="#[7c]">Get_Bypass_MODE_Deno</a> from main interface.o(i.Get_Bypass_MODE_Deno) referenced from main interface.o(i.Bypass_MODE_windows)
 <LI><a href="#[7d]">Get_Bypass_MODE_Mole</a> from main interface.o(i.Get_Bypass_MODE_Mole) referenced from main interface.o(i.Bypass_MODE_windows)
 <LI><a href="#[a7]">Get_Temp_MODE_Deno</a> from main interface.o(i.Get_Temp_MODE_Deno) referenced from main interface.o(i.TCR_MODE_windows)
 <LI><a href="#[a7]">Get_Temp_MODE_Deno</a> from main interface.o(i.Get_Temp_MODE_Deno) referenced from main interface.o(i.Temp_MODE_windows)
 <LI><a href="#[a8]">Get_Temp_MODE_Mole</a> from main interface.o(i.Get_Temp_MODE_Mole) referenced from main interface.o(i.TCR_MODE_windows)
 <LI><a href="#[a8]">Get_Temp_MODE_Mole</a> from main interface.o(i.Get_Temp_MODE_Mole) referenced from main interface.o(i.Temp_MODE_windows)
 <LI><a href="#[ac]">Get_Volt_MODE_Deno</a> from main interface.o(i.Get_Volt_MODE_Deno) referenced from main interface.o(i.Voltage_MODE_windows)
 <LI><a href="#[ad]">Get_Volt_MODE_Mole</a> from main interface.o(i.Get_Volt_MODE_Mole) referenced from main interface.o(i.Voltage_MODE_windows)
 <LI><a href="#[9f]">Get_Watt_MODE_Deno</a> from main interface.o(i.Get_Watt_MODE_Deno) referenced from main interface.o(i.SPP_MODE_windows)
 <LI><a href="#[9f]">Get_Watt_MODE_Deno</a> from main interface.o(i.Get_Watt_MODE_Deno) referenced from main interface.o(i.Watt_MODE_windows)
 <LI><a href="#[a0]">Get_Watt_MODE_Mole</a> from main interface.o(i.Get_Watt_MODE_Mole) referenced from main interface.o(i.SPP_MODE_windows)
 <LI><a href="#[a0]">Get_Watt_MODE_Mole</a> from main interface.o(i.Get_Watt_MODE_Mole) referenced from main interface.o(i.Watt_MODE_windows)
 <LI><a href="#[73]">HIGH_ATOMIZER_windows</a> from alarm_interface.o(i.HIGH_ATOMIZER_windows) referenced from battery_charging_interface.o(i.Battery_charging_interface)
 <LI><a href="#[73]">HIGH_ATOMIZER_windows</a> from alarm_interface.o(i.HIGH_ATOMIZER_windows) referenced from main interface.o(i.Main_interface)
 <LI><a href="#[73]">HIGH_ATOMIZER_windows</a> from alarm_interface.o(i.HIGH_ATOMIZER_windows) referenced from screensaver_interface.o(i.Screensaver_interface)
 <LI><a href="#[24]">HardFault_Handler</a> from stm32f4xx_it.o(i.HardFault_Handler) referenced from startup_stm32f401xe.o(RESET)
 <LI><a href="#[48]">I2C1_ER_IRQHandler</a> from startup_stm32f401xe.o(.text) referenced from startup_stm32f401xe.o(RESET)
 <LI><a href="#[47]">I2C1_EV_IRQHandler</a> from startup_stm32f401xe.o(.text) referenced from startup_stm32f401xe.o(RESET)
 <LI><a href="#[4a]">I2C2_ER_IRQHandler</a> from startup_stm32f401xe.o(.text) referenced from startup_stm32f401xe.o(RESET)
 <LI><a href="#[49]">I2C2_EV_IRQHandler</a> from startup_stm32f401xe.o(.text) referenced from startup_stm32f401xe.o(RESET)
 <LI><a href="#[61]">I2C3_ER_IRQHandler</a> from startup_stm32f401xe.o(.text) referenced from startup_stm32f401xe.o(RESET)
 <LI><a href="#[60]">I2C3_EV_IRQHandler</a> from startup_stm32f401xe.o(.text) referenced from startup_stm32f401xe.o(RESET)
 <LI><a href="#[92]">ImageGetDoubleData</a> from gui_image_flash.o(i.ImageGetDoubleData) referenced from gui_image_flash.o(i.Flash_GUI_BMP_GetXSizeEx)
 <LI><a href="#[92]">ImageGetDoubleData</a> from gui_image_flash.o(i.ImageGetDoubleData) referenced from gui_image_flash.o(i.Flash_GUI_BMP_GetYSizeEx)
 <LI><a href="#[92]">ImageGetDoubleData</a> from gui_image_flash.o(i.ImageGetDoubleData) referenced from gui_image_flash.o(i.Flash_GUI_GIF_DrawSubEx)
 <LI><a href="#[92]">ImageGetDoubleData</a> from gui_image_flash.o(i.ImageGetDoubleData) referenced from gui_image_flash.o(i.Flash_GUI_GIF_GetImageInfoEx)
 <LI><a href="#[92]">ImageGetDoubleData</a> from gui_image_flash.o(i.ImageGetDoubleData) referenced from gui_image_flash.o(i.Flash_GUI_GIF_GetInfoEx)
 <LI><a href="#[91]">ImageGetPNGData</a> from gui_image_flash.o(i.ImageGetPNGData) referenced from gui_image_flash.o(i.Draw_Bitmap_EX)
 <LI><a href="#[91]">ImageGetPNGData</a> from gui_image_flash.o(i.ImageGetPNGData) referenced from gui_image_flash.o(i.Flash_GUI_GetStreamedBitmapInfoEx)
 <LI><a href="#[cc]">KEY_LIGHT_Set_interface</a> from system_settings_interface.o(i.KEY_LIGHT_Set_interface) referenced from system_settings_interface.o(.constdata)
 <LI><a href="#[f8]">LCD_Color2Index_1</a> from guicc_1.o(i.LCD_Color2Index_1) referenced from guicc_1.o(.constdata)
 <LI><a href="#[f0]">LCD_DrawHLine</a> from lcd.o(i.LCD_DrawHLine) referenced from gui_core.o(.constdata)
 <LI><a href="#[f1]">LCD_DrawPixel</a> from lcd.o(i.LCD_DrawPixel) referenced from gui_core.o(.constdata)
 <LI><a href="#[18]">LCD_GetpPalConvTableBM</a> from lcd_color.o(i.LCD_GetpPalConvTableBM) referenced 2 times from gui_core.o(.data)
 <LI><a href="#[b5]">LCD_Index2Color_565</a> from guicc_565.o(i.LCD_Index2Color_565) referenced from gui_drawbitmap_a16.o(.constdata)
 <LI><a href="#[b5]">LCD_Index2Color_565</a> from guicc_565.o(i.LCD_Index2Color_565) referenced from gui_drawbitmap_a16.o(i._DrawBitmapA565)
 <LI><a href="#[121]">LCD_Index2Color_8888</a> from guicc_8888_index2color.o(i.LCD_Index2Color_8888) referenced from guicc_8888.o(.constdata)
 <LI><a href="#[b6]">LCD_Index2Color_M565</a> from guicc_m565.o(i.LCD_Index2Color_M565) referenced 2 times from gui_drawbitmap_565.o(.constdata)
 <LI><a href="#[b6]">LCD_Index2Color_M565</a> from guicc_m565.o(i.LCD_Index2Color_M565) referenced from gui_drawbitmap_565.o(i._DrawBitmapSwapRB)
 <LI><a href="#[b8]">LCD_SetPixelAA4_Trans</a> from lcd_aa.o(i.LCD_SetPixelAA4_Trans) referenced from guiaa_lib.o(i._FlushLine)
 <LI><a href="#[ab]">LOCK_Resis_interface</a> from lock_resis_interface.o(i.LOCK_Resis_interface) referenced from diy_menu_interface.o(i.VT_SET_menu_operation)
 <LI><a href="#[72]">Low_ATOMIZER_windows</a> from alarm_interface.o(i.Low_ATOMIZER_windows) referenced from battery_charging_interface.o(i.Battery_charging_interface)
 <LI><a href="#[72]">Low_ATOMIZER_windows</a> from alarm_interface.o(i.Low_ATOMIZER_windows) referenced from main interface.o(i.Main_interface)
 <LI><a href="#[72]">Low_ATOMIZER_windows</a> from alarm_interface.o(i.Low_ATOMIZER_windows) referenced from screensaver_interface.o(i.Screensaver_interface)
 <LI><a href="#[74]">Low_Battery_windows</a> from alarm_interface.o(i.Low_Battery_windows) referenced from battery_charging_interface.o(i.Battery_charging_interface)
 <LI><a href="#[74]">Low_Battery_windows</a> from alarm_interface.o(i.Low_Battery_windows) referenced from main interface.o(i.Main_interface)
 <LI><a href="#[74]">Low_Battery_windows</a> from alarm_interface.o(i.Low_Battery_windows) referenced from screensaver_interface.o(i.Screensaver_interface)
 <LI><a href="#[99]">MODE_TO_SET_windows</a> from alarm_interface.o(i.MODE_TO_SET_windows) referenced from public.o(i.Key_smoke)
 <LI><a href="#[99]">MODE_TO_SET_windows</a> from alarm_interface.o(i.MODE_TO_SET_windows) referenced from public.o(i.Main_menu_GOTO)
 <LI><a href="#[99]">MODE_TO_SET_windows</a> from alarm_interface.o(i.MODE_TO_SET_windows) referenced from alarm_interface.o(i.Warning_interface)
 <LI><a href="#[6c]">Main_interface</a> from main interface.o(i.Main_interface) referenced from system_settings_interface.o(.constdata)
 <LI><a href="#[6c]">Main_interface</a> from main interface.o(i.Main_interface) referenced from system_settings_interface.o(i.AUTO_MODE_Set_touch)
 <LI><a href="#[6c]">Main_interface</a> from main interface.o(i.Main_interface) referenced from one_power_interface.o(i.BOOT_LOGO_interface)
 <LI><a href="#[6c]">Main_interface</a> from main interface.o(i.Main_interface) referenced from alarm_interface.o(i.Batt_error_interface)
 <LI><a href="#[6c]">Main_interface</a> from main interface.o(i.Main_interface) referenced from battery_charging_interface.o(i.Battery_charging_interface)
 <LI><a href="#[6c]">Main_interface</a> from main interface.o(i.Main_interface) referenced from system_settings_interface.o(i.BrightScreen_time_touch)
 <LI><a href="#[6c]">Main_interface</a> from main interface.o(i.Main_interface) referenced from system_settings_interface.o(i.Brightness_Set_interface)
 <LI><a href="#[6c]">Main_interface</a> from main interface.o(i.Main_interface) referenced from custom_curve_adjustment_interface.o(i.CCT_Custom_Data_Set_interface)
 <LI><a href="#[6c]">Main_interface</a> from main interface.o(i.Main_interface) referenced from custom_curve_adjustment_interface.o(i.CCV_Custom_Data_Set_interface)
 <LI><a href="#[6c]">Main_interface</a> from main interface.o(i.Main_interface) referenced from diy_menu_interface.o(i.CC_SET_menu_operation)
 <LI><a href="#[6c]">Main_interface</a> from main interface.o(i.Main_interface) referenced from custom_curve_adjustment_interface.o(i.Custom_Data_Set_interface)
 <LI><a href="#[6c]">Main_interface</a> from main interface.o(i.Main_interface) referenced from system_settings_interface.o(i.Default_Set_touch)
 <LI><a href="#[6c]">Main_interface</a> from main interface.o(i.Main_interface) referenced from system_settings_interface.o(i.Default_Set_windows)
 <LI><a href="#[6c]">Main_interface</a> from main interface.o(i.Main_interface) referenced from public.o(i.Fanhui_Main_interface)
 <LI><a href="#[6c]">Main_interface</a> from main interface.o(i.Main_interface) referenced from firmware_tim_interface.o(i.Firmware_Tim_interface)
 <LI><a href="#[6c]">Main_interface</a> from main interface.o(i.Main_interface) referenced from system_settings_interface.o(i.KEY_LIGHT_Set_interface)
 <LI><a href="#[6c]">Main_interface</a> from main interface.o(i.Main_interface) referenced from public.o(i.Key_smoke)
 <LI><a href="#[6c]">Main_interface</a> from main interface.o(i.Main_interface) referenced from lock_resis_interface.o(i.LOCK_Resis_touch)
 <LI><a href="#[6c]">Main_interface</a> from main interface.o(i.Main_interface) referenced 2 times from main_menu_interface.o(i.Main_menu_operation)
 <LI><a href="#[6c]">Main_interface</a> from main interface.o(i.Main_interface) referenced from main interface.o(i.Main_operation)
 <LI><a href="#[6c]">Main_interface</a> from main interface.o(i.Main_interface) referenced from main_menu_interface.o(i.Menu_coordinate_Init)
 <LI><a href="#[6c]">Main_interface</a> from main interface.o(i.Main_interface) referenced from system_settings_interface.o(i.PUFF_Set_touch)
 <LI><a href="#[6c]">Main_interface</a> from main interface.o(i.Main_interface) referenced from rtc_set_interface.o(i.RTC_Set_touch)
 <LI><a href="#[6c]">Main_interface</a> from main interface.o(i.Main_interface) referenced from system_settings_interface.o(i.SMART_Set_touch)
 <LI><a href="#[6c]">Main_interface</a> from main interface.o(i.Main_interface) referenced from system_settings_interface.o(i.System_Set_Operation)
 <LI><a href="#[6c]">Main_interface</a> from main interface.o(i.Main_interface) referenced from tcr_adjust_interface.o(i.TCR_Data_Set_windows)
 <LI><a href="#[6c]">Main_interface</a> from main interface.o(i.Main_interface) referenced from tcr_adjust_interface.o(i.TCR_Data_touch)
 <LI><a href="#[6c]">Main_interface</a> from main interface.o(i.Main_interface) referenced from alarm_interface.o(i.USB_Warning_interface)
 <LI><a href="#[6c]">Main_interface</a> from main interface.o(i.Main_interface) referenced from system_settings_interface.o(i.VIBRATE_Set_touch)
 <LI><a href="#[6c]">Main_interface</a> from main interface.o(i.Main_interface) referenced from diy_menu_interface.o(i.VT_SET_menu_operation)
 <LI><a href="#[6c]">Main_interface</a> from main interface.o(i.Main_interface) referenced from diy_menu_interface.o(i.VW_SET_coordinate_Init)
 <LI><a href="#[6c]">Main_interface</a> from main interface.o(i.Main_interface) referenced from diy_menu_interface.o(i.VW_SET_menu_operation)
 <LI><a href="#[6c]">Main_interface</a> from main interface.o(i.Main_interface) referenced from alarm_interface.o(i.Warning_interface)
 <LI><a href="#[9c]">Main_menu_interface</a> from main_menu_interface.o(i.Main_menu_interface) referenced from public.o(i.Main_menu_GOTO)
 <LI><a href="#[9c]">Main_menu_interface</a> from main_menu_interface.o(i.Main_menu_interface) referenced from diy_menu_interface.o(i.Main_menu_operation)
 <LI><a href="#[9c]">Main_menu_interface</a> from main_menu_interface.o(i.Main_menu_interface) referenced 2 times from system_settings_interface.o(i.Menu_coordinate_Init)
 <LI><a href="#[25]">MemManage_Handler</a> from stm32f4xx_it.o(i.MemManage_Handler) referenced from startup_stm32f401xe.o(RESET)
 <LI><a href="#[23]">NMI_Handler</a> from stm32f4xx_it.o(i.NMI_Handler) referenced from startup_stm32f401xe.o(RESET)
 <LI><a href="#[5b]">OTG_FS_IRQHandler</a> from stm32f4xx_it.o(i.OTG_FS_IRQHandler) referenced from startup_stm32f401xe.o(RESET)
 <LI><a href="#[51]">OTG_FS_WKUP_IRQHandler</a> from startup_stm32f401xe.o(.text) referenced from startup_stm32f401xe.o(RESET)
 <LI><a href="#[13]">One_Power_interface</a> from one_power_interface.o(i.One_Power_interface) referenced 4 times from wm_disp.o(.data)
 <LI><a href="#[13]">One_Power_interface</a> from one_power_interface.o(i.One_Power_interface) referenced from main.o(i.main)
 <LI><a href="#[71]">Open_circuit_windows</a> from alarm_interface.o(i.Open_circuit_windows) referenced from battery_charging_interface.o(i.Battery_charging_interface)
 <LI><a href="#[71]">Open_circuit_windows</a> from alarm_interface.o(i.Open_circuit_windows) referenced from lock_resis_interface.o(i.LOCK_Resis_touch)
 <LI><a href="#[71]">Open_circuit_windows</a> from alarm_interface.o(i.Open_circuit_windows) referenced from main interface.o(i.Main_interface)
 <LI><a href="#[71]">Open_circuit_windows</a> from alarm_interface.o(i.Open_circuit_windows) referenced from screensaver_interface.o(i.Screensaver_interface)
 <LI><a href="#[6f]">Out_Boot</a> from one_power_interface.o(i.Out_Boot) referenced from one_power_interface.o(i.BOOT_LOGO_interface)
 <LI><a href="#[76]">PCB_Overheated_windows</a> from alarm_interface.o(i.PCB_Overheated_windows) referenced from battery_charging_interface.o(i.Battery_charging_interface)
 <LI><a href="#[76]">PCB_Overheated_windows</a> from alarm_interface.o(i.PCB_Overheated_windows) referenced from main interface.o(i.Main_interface)
 <LI><a href="#[76]">PCB_Overheated_windows</a> from alarm_interface.o(i.PCB_Overheated_windows) referenced from screensaver_interface.o(i.Screensaver_interface)
 <LI><a href="#[c8]">PUFF_Set_interface</a> from system_settings_interface.o(i.PUFF_Set_interface) referenced from system_settings_interface.o(.constdata)
 <LI><a href="#[2d]">PVD_IRQHandler</a> from startup_stm32f401xe.o(.text) referenced from startup_stm32f401xe.o(RESET)
 <LI><a href="#[2a]">PendSV_Handler</a> from stm32f4xx_it.o(i.PendSV_Handler) referenced from startup_stm32f401xe.o(RESET)
 <LI><a href="#[31]">RCC_IRQHandler</a> from startup_stm32f401xe.o(.text) referenced from startup_stm32f401xe.o(RESET)
 <LI><a href="#[db]">RTC_AMPM_set</a> from rtc_set_interface.o(i.RTC_AMPM_set) referenced from rtc_set_interface.o(.constdata)
 <LI><a href="#[50]">RTC_Alarm_IRQHandler</a> from startup_stm32f401xe.o(.text) referenced from startup_stm32f401xe.o(RESET)
 <LI><a href="#[d9]">RTC_Set_Date</a> from rtc_set_interface.o(i.RTC_Set_Date) referenced from rtc_set_interface.o(.constdata)
 <LI><a href="#[dc]">RTC_Set_Hours</a> from rtc_set_interface.o(i.RTC_Set_Hours) referenced from rtc_set_interface.o(.constdata)
 <LI><a href="#[dd]">RTC_Set_Minutes</a> from rtc_set_interface.o(i.RTC_Set_Minutes) referenced from rtc_set_interface.o(.constdata)
 <LI><a href="#[d8]">RTC_Set_Month</a> from rtc_set_interface.o(i.RTC_Set_Month) referenced from rtc_set_interface.o(.constdata)
 <LI><a href="#[de]">RTC_Set_Seconds</a> from rtc_set_interface.o(i.RTC_Set_Seconds) referenced from rtc_set_interface.o(.constdata)
 <LI><a href="#[da]">RTC_Set_Year</a> from rtc_set_interface.o(i.RTC_Set_Year) referenced from rtc_set_interface.o(.constdata)
 <LI><a href="#[c6]">RTC_Set_interface</a> from rtc_set_interface.o(i.RTC_Set_interface) referenced from system_settings_interface.o(.constdata)
 <LI><a href="#[2f]">RTC_WKUP_IRQHandler</a> from startup_stm32f401xe.o(.text) referenced from startup_stm32f401xe.o(RESET)
 <LI><a href="#[22]">Reset_Handler</a> from startup_stm32f401xe.o(.text) referenced from startup_stm32f401xe.o(RESET)
 <LI><a href="#[53]">SDIO_IRQHandler</a> from startup_stm32f401xe.o(.text) referenced from startup_stm32f401xe.o(RESET)
 <LI><a href="#[c9]">SMART_Set_interface</a> from system_settings_interface.o(i.SMART_Set_interface) referenced from system_settings_interface.o(.constdata)
 <LI><a href="#[4b]">SPI1_IRQHandler</a> from startup_stm32f401xe.o(.text) referenced from startup_stm32f401xe.o(RESET)
 <LI><a href="#[4c]">SPI2_IRQHandler</a> from startup_stm32f401xe.o(.text) referenced from startup_stm32f401xe.o(RESET)
 <LI><a href="#[55]">SPI3_IRQHandler</a> from startup_stm32f401xe.o(.text) referenced from startup_stm32f401xe.o(RESET)
 <LI><a href="#[63]">SPI4_IRQHandler</a> from startup_stm32f401xe.o(.text) referenced from startup_stm32f401xe.o(RESET)
 <LI><a href="#[a1]">SPP_Output_control</a> from spp_mode_control.o(i.SPP_Output_control) referenced from spp_mode_control.o(i.SPP_mode_int)
 <LI><a href="#[28]">SVC_Handler</a> from stm32f4xx_it.o(i.SVC_Handler) referenced from startup_stm32f401xe.o(RESET)
 <LI><a href="#[7b]">Screen_Tim_Data_update</a> from system_settings_interface.o(i.Screen_Tim_Data_update) referenced from system_settings_interface.o(i.BrightScreen_time_Set_windows)
 <LI><a href="#[7b]">Screen_Tim_Data_update</a> from system_settings_interface.o(i.Screen_Tim_Data_update) referenced from system_settings_interface.o(i.BrightScreen_time_touch)
 <LI><a href="#[a6]">Screensaver_2_Return</a> from screensaver_interface.o(i.Screensaver_2_Return) referenced from screensaver_interface.o(i.Screensaver_Windows_2)
 <LI><a href="#[16]">Screensaver_Windows_1</a> from screensaver_interface.o(i.Screensaver_Windows_1) referenced 2 times from screensaver_interface.o(.data)
 <LI><a href="#[a4]">Screensaver_Windows_1return</a> from screensaver_interface.o(i.Screensaver_Windows_1return) referenced from screensaver_interface.o(i.Screensaver_Windows_1)
 <LI><a href="#[17]">Screensaver_Windows_2</a> from screensaver_interface.o(i.Screensaver_Windows_2) referenced 2 times from screensaver_interface.o(.data)
 <LI><a href="#[6e]">Screensaver_interface</a> from screensaver_interface.o(i.Screensaver_interface) referenced from atomizer_inquiry_interface.o(i.Atomizer_inquiry_interface)
 <LI><a href="#[6e]">Screensaver_interface</a> from screensaver_interface.o(i.Screensaver_interface) referenced from system_settings_interface.o(i.BrightScreen_time_Set_interface)
 <LI><a href="#[6e]">Screensaver_interface</a> from screensaver_interface.o(i.Screensaver_interface) referenced from public.o(i.Key_smoke)
 <LI><a href="#[6e]">Screensaver_interface</a> from screensaver_interface.o(i.Screensaver_interface) referenced from public.o(i.Screen_GOTO_charging)
 <LI><a href="#[6e]">Screensaver_interface</a> from screensaver_interface.o(i.Screensaver_interface) referenced from screensaver_interface.o(i.Screensaver_2_Return)
 <LI><a href="#[15]">Short_circuit_windows</a> from alarm_interface.o(i.Short_circuit_windows) referenced 2 times from alarm_interface.o(.data)
 <LI><a href="#[15]">Short_circuit_windows</a> from alarm_interface.o(i.Short_circuit_windows) referenced from battery_charging_interface.o(i.Battery_charging_interface)
 <LI><a href="#[15]">Short_circuit_windows</a> from alarm_interface.o(i.Short_circuit_windows) referenced from main interface.o(i.Main_interface)
 <LI><a href="#[15]">Short_circuit_windows</a> from alarm_interface.o(i.Short_circuit_windows) referenced from screensaver_interface.o(i.Screensaver_interface)
 <LI><a href="#[75]">Smoking_timeout_windows</a> from alarm_interface.o(i.Smoking_timeout_windows) referenced from battery_charging_interface.o(i.Battery_charging_interface)
 <LI><a href="#[75]">Smoking_timeout_windows</a> from alarm_interface.o(i.Smoking_timeout_windows) referenced from main interface.o(i.Main_interface)
 <LI><a href="#[75]">Smoking_timeout_windows</a> from alarm_interface.o(i.Smoking_timeout_windows) referenced from screensaver_interface.o(i.Screensaver_interface)
 <LI><a href="#[2b]">SysTick_Handler</a> from stm32f4xx_it.o(i.SysTick_Handler) referenced from startup_stm32f401xe.o(RESET)
 <LI><a href="#[65]">SystemInit</a> from system_stm32f4xx.o(i.SystemInit) referenced from startup_stm32f401xe.o(.text)
 <LI><a href="#[6b]">System_Set_Menu_interface</a> from system_settings_interface.o(i.System_Set_Menu_interface) referenced from system_settings_interface.o(i.AUTO_MODE_Set_touch)
 <LI><a href="#[6b]">System_Set_Menu_interface</a> from system_settings_interface.o(i.System_Set_Menu_interface) referenced from system_settings_interface.o(i.AUTO_MODE_Set_windows)
 <LI><a href="#[6b]">System_Set_Menu_interface</a> from system_settings_interface.o(i.System_Set_Menu_interface) referenced from system_settings_interface.o(i.BrightScreen_time_Set_interface)
 <LI><a href="#[6b]">System_Set_Menu_interface</a> from system_settings_interface.o(i.System_Set_Menu_interface) referenced from system_settings_interface.o(i.Brightness_Set_interface)
 <LI><a href="#[6b]">System_Set_Menu_interface</a> from system_settings_interface.o(i.System_Set_Menu_interface) referenced from system_settings_interface.o(i.Default_Set_touch)
 <LI><a href="#[6b]">System_Set_Menu_interface</a> from system_settings_interface.o(i.System_Set_Menu_interface) referenced from system_settings_interface.o(i.Default_Set_windows)
 <LI><a href="#[6b]">System_Set_Menu_interface</a> from system_settings_interface.o(i.System_Set_Menu_interface) referenced from firmware_tim_interface.o(i.Firmware_Tim_interface)
 <LI><a href="#[6b]">System_Set_Menu_interface</a> from system_settings_interface.o(i.System_Set_Menu_interface) referenced from system_settings_interface.o(i.KEY_LIGHT_Set_interface)
 <LI><a href="#[6b]">System_Set_Menu_interface</a> from system_settings_interface.o(i.System_Set_Menu_interface) referenced from main_menu_interface.o(i.Main_menu_operation)
 <LI><a href="#[6b]">System_Set_Menu_interface</a> from system_settings_interface.o(i.System_Set_Menu_interface) referenced from system_settings_interface.o(i.PUFF_Set_touch)
 <LI><a href="#[6b]">System_Set_Menu_interface</a> from system_settings_interface.o(i.System_Set_Menu_interface) referenced from system_settings_interface.o(i.PUFF_Set_windows)
 <LI><a href="#[6b]">System_Set_Menu_interface</a> from system_settings_interface.o(i.System_Set_Menu_interface) referenced from rtc_set_interface.o(i.RTC_Set_interface)
 <LI><a href="#[6b]">System_Set_Menu_interface</a> from system_settings_interface.o(i.System_Set_Menu_interface) referenced from rtc_set_interface.o(i.RTC_Set_windows)
 <LI><a href="#[6b]">System_Set_Menu_interface</a> from system_settings_interface.o(i.System_Set_Menu_interface) referenced from system_settings_interface.o(i.SMART_Set_touch)
 <LI><a href="#[6b]">System_Set_Menu_interface</a> from system_settings_interface.o(i.System_Set_Menu_interface) referenced from system_settings_interface.o(i.SMART_Set_windows)
 <LI><a href="#[6b]">System_Set_Menu_interface</a> from system_settings_interface.o(i.System_Set_Menu_interface) referenced from system_settings_interface.o(i.VIBRATE_Set_interface)
 <LI><a href="#[77]">System_off_interface</a> from system_off_interface.o(i.System_off_interface) referenced from battery_charging_interface.o(i.Battery_charging_interface)
 <LI><a href="#[77]">System_off_interface</a> from system_off_interface.o(i.System_off_interface) referenced from public.o(i.System_off_GOTO)
 <LI><a href="#[2e]">TAMP_STAMP_IRQHandler</a> from startup_stm32f401xe.o(.text) referenced from startup_stm32f401xe.o(RESET)
 <LI><a href="#[9e]">TCR_Data_Set_interface</a> from tcr_adjust_interface.o(i.TCR_Data_Set_interface) referenced from main interface.o(i.Main_operation)
 <LI><a href="#[9e]">TCR_Data_Set_interface</a> from tcr_adjust_interface.o(i.TCR_Data_Set_interface) referenced from diy_menu_interface.o(i.VT_SET_menu_operation)
 <LI><a href="#[40]">TIM1_BRK_TIM9_IRQHandler</a> from startup_stm32f401xe.o(.text) referenced from startup_stm32f401xe.o(RESET)
 <LI><a href="#[43]">TIM1_CC_IRQHandler</a> from startup_stm32f401xe.o(.text) referenced from startup_stm32f401xe.o(RESET)
 <LI><a href="#[42]">TIM1_TRG_COM_TIM11_IRQHandler</a> from startup_stm32f401xe.o(.text) referenced from startup_stm32f401xe.o(RESET)
 <LI><a href="#[41]">TIM1_UP_TIM10_IRQHandler</a> from startup_stm32f401xe.o(.text) referenced from startup_stm32f401xe.o(RESET)
 <LI><a href="#[44]">TIM2_IRQHandler</a> from startup_stm32f401xe.o(.text) referenced from startup_stm32f401xe.o(RESET)
 <LI><a href="#[45]">TIM3_IRQHandler</a> from startup_stm32f401xe.o(.text) referenced from startup_stm32f401xe.o(RESET)
 <LI><a href="#[46]">TIM4_IRQHandler</a> from startup_stm32f401xe.o(.text) referenced from startup_stm32f401xe.o(RESET)
 <LI><a href="#[54]">TIM5_IRQHandler</a> from startup_stm32f401xe.o(.text) referenced from startup_stm32f401xe.o(RESET)
 <LI><a href="#[a9]">Temp_Output_control</a> from tempe_mode_control.o(i.Temp_Output_control) referenced from tempe_mode_control.o(i.TCR_mode_int)
 <LI><a href="#[a9]">Temp_Output_control</a> from tempe_mode_control.o(i.Temp_Output_control) referenced from tempe_mode_control.o(i.Temp_mode_int)
 <LI><a href="#[4d]">USART1_IRQHandler</a> from startup_stm32f401xe.o(.text) referenced from startup_stm32f401xe.o(RESET)
 <LI><a href="#[4e]">USART2_IRQHandler</a> from startup_stm32f401xe.o(.text) referenced from startup_stm32f401xe.o(RESET)
 <LI><a href="#[5f]">USART6_IRQHandler</a> from startup_stm32f401xe.o(.text) referenced from startup_stm32f401xe.o(RESET)
 <LI><a href="#[e]">USBD_CUSTOM_HID_DataIn</a> from usbd_customhid.o(i.USBD_CUSTOM_HID_DataIn) referenced 2 times from usbd_customhid.o(.data)
 <LI><a href="#[f]">USBD_CUSTOM_HID_DataOut</a> from usbd_customhid.o(i.USBD_CUSTOM_HID_DataOut) referenced 2 times from usbd_customhid.o(.data)
 <LI><a href="#[b]">USBD_CUSTOM_HID_DeInit</a> from usbd_customhid.o(i.USBD_CUSTOM_HID_DeInit) referenced 2 times from usbd_customhid.o(.data)
 <LI><a href="#[d]">USBD_CUSTOM_HID_EP0_RxReady</a> from usbd_customhid.o(i.USBD_CUSTOM_HID_EP0_RxReady) referenced 2 times from usbd_customhid.o(.data)
 <LI><a href="#[10]">USBD_CUSTOM_HID_GetCfgDesc</a> from usbd_customhid.o(i.USBD_CUSTOM_HID_GetCfgDesc) referenced 6 times from usbd_customhid.o(.data)
 <LI><a href="#[11]">USBD_CUSTOM_HID_GetDeviceQualifierDesc</a> from usbd_customhid.o(i.USBD_CUSTOM_HID_GetDeviceQualifierDesc) referenced 2 times from usbd_customhid.o(.data)
 <LI><a href="#[a]">USBD_CUSTOM_HID_Init</a> from usbd_customhid.o(i.USBD_CUSTOM_HID_Init) referenced 2 times from usbd_customhid.o(.data)
 <LI><a href="#[c]">USBD_CUSTOM_HID_Setup</a> from usbd_customhid.o(i.USBD_CUSTOM_HID_Setup) referenced 2 times from usbd_customhid.o(.data)
 <LI><a href="#[5]">USBD_FS_ConfigStrDescriptor</a> from usbd_desc.o(i.USBD_FS_ConfigStrDescriptor) referenced 2 times from usbd_desc.o(.data)
 <LI><a href="#[0]">USBD_FS_DeviceDescriptor</a> from usbd_desc.o(i.USBD_FS_DeviceDescriptor) referenced 2 times from usbd_desc.o(.data)
 <LI><a href="#[6]">USBD_FS_InterfaceStrDescriptor</a> from usbd_desc.o(i.USBD_FS_InterfaceStrDescriptor) referenced 2 times from usbd_desc.o(.data)
 <LI><a href="#[1]">USBD_FS_LangIDStrDescriptor</a> from usbd_desc.o(i.USBD_FS_LangIDStrDescriptor) referenced 2 times from usbd_desc.o(.data)
 <LI><a href="#[2]">USBD_FS_ManufacturerStrDescriptor</a> from usbd_desc.o(i.USBD_FS_ManufacturerStrDescriptor) referenced 2 times from usbd_desc.o(.data)
 <LI><a href="#[3]">USBD_FS_ProductStrDescriptor</a> from usbd_desc.o(i.USBD_FS_ProductStrDescriptor) referenced 2 times from usbd_desc.o(.data)
 <LI><a href="#[4]">USBD_FS_SerialStrDescriptor</a> from usbd_desc.o(i.USBD_FS_SerialStrDescriptor) referenced 2 times from usbd_desc.o(.data)
 <LI><a href="#[6a]">USB_Warning_interface</a> from alarm_interface.o(i.USB_Warning_interface) referenced from system_settings_interface.o(i.AUTO_MODE_Set_interface)
 <LI><a href="#[6a]">USB_Warning_interface</a> from alarm_interface.o(i.USB_Warning_interface) referenced from atomizer_inquiry_interface.o(i.Atomizer_inquiry_interface)
 <LI><a href="#[6a]">USB_Warning_interface</a> from alarm_interface.o(i.USB_Warning_interface) referenced from battery_charging_interface.o(i.Battery_charging_interface)
 <LI><a href="#[6a]">USB_Warning_interface</a> from alarm_interface.o(i.USB_Warning_interface) referenced from system_settings_interface.o(i.BrightScreen_time_Set_interface)
 <LI><a href="#[6a]">USB_Warning_interface</a> from alarm_interface.o(i.USB_Warning_interface) referenced from system_settings_interface.o(i.Brightness_Set_interface)
 <LI><a href="#[6a]">USB_Warning_interface</a> from alarm_interface.o(i.USB_Warning_interface) referenced from custom_curve_adjustment_interface.o(i.CCT_Custom_Data_Set_interface)
 <LI><a href="#[6a]">USB_Warning_interface</a> from alarm_interface.o(i.USB_Warning_interface) referenced from custom_curve_adjustment_interface.o(i.CCV_Custom_Data_Set_interface)
 <LI><a href="#[6a]">USB_Warning_interface</a> from alarm_interface.o(i.USB_Warning_interface) referenced from diy_menu_interface.o(i.CC_SET_menu_interface)
 <LI><a href="#[6a]">USB_Warning_interface</a> from alarm_interface.o(i.USB_Warning_interface) referenced from custom_curve_adjustment_interface.o(i.Custom_Data_Set_interface)
 <LI><a href="#[6a]">USB_Warning_interface</a> from alarm_interface.o(i.USB_Warning_interface) referenced from diy_menu_interface.o(i.DIY_menu_interface)
 <LI><a href="#[6a]">USB_Warning_interface</a> from alarm_interface.o(i.USB_Warning_interface) referenced from system_settings_interface.o(i.Default_Set_interface)
 <LI><a href="#[6a]">USB_Warning_interface</a> from alarm_interface.o(i.USB_Warning_interface) referenced from firmware_tim_interface.o(i.Firmware_Tim_interface)
 <LI><a href="#[6a]">USB_Warning_interface</a> from alarm_interface.o(i.USB_Warning_interface) referenced from system_settings_interface.o(i.KEY_LIGHT_Set_interface)
 <LI><a href="#[6a]">USB_Warning_interface</a> from alarm_interface.o(i.USB_Warning_interface) referenced from lock_resis_interface.o(i.LOCK_Resis_interface)
 <LI><a href="#[6a]">USB_Warning_interface</a> from alarm_interface.o(i.USB_Warning_interface) referenced from main interface.o(i.Main_interface)
 <LI><a href="#[6a]">USB_Warning_interface</a> from alarm_interface.o(i.USB_Warning_interface) referenced from main_menu_interface.o(i.Main_menu_interface)
 <LI><a href="#[6a]">USB_Warning_interface</a> from alarm_interface.o(i.USB_Warning_interface) referenced from system_settings_interface.o(i.PUFF_Set_interface)
 <LI><a href="#[6a]">USB_Warning_interface</a> from alarm_interface.o(i.USB_Warning_interface) referenced from rtc_set_interface.o(i.RTC_Set_interface)
 <LI><a href="#[6a]">USB_Warning_interface</a> from alarm_interface.o(i.USB_Warning_interface) referenced from system_settings_interface.o(i.SMART_Set_interface)
 <LI><a href="#[6a]">USB_Warning_interface</a> from alarm_interface.o(i.USB_Warning_interface) referenced from public.o(i.Screen_GOTO_charging)
 <LI><a href="#[6a]">USB_Warning_interface</a> from alarm_interface.o(i.USB_Warning_interface) referenced from screensaver_interface.o(i.Screensaver_interface)
 <LI><a href="#[6a]">USB_Warning_interface</a> from alarm_interface.o(i.USB_Warning_interface) referenced from system_settings_interface.o(i.System_Set_Menu_interface)
 <LI><a href="#[6a]">USB_Warning_interface</a> from alarm_interface.o(i.USB_Warning_interface) referenced from system_off_interface.o(i.System_off_interface)
 <LI><a href="#[6a]">USB_Warning_interface</a> from alarm_interface.o(i.USB_Warning_interface) referenced from tcr_adjust_interface.o(i.TCR_Data_Set_interface)
 <LI><a href="#[6a]">USB_Warning_interface</a> from alarm_interface.o(i.USB_Warning_interface) referenced from system_settings_interface.o(i.VIBRATE_Set_interface)
 <LI><a href="#[6a]">USB_Warning_interface</a> from alarm_interface.o(i.USB_Warning_interface) referenced from diy_menu_interface.o(i.VT_SET_menu_interface)
 <LI><a href="#[6a]">USB_Warning_interface</a> from alarm_interface.o(i.USB_Warning_interface) referenced from diy_menu_interface.o(i.VW_SET_menu_interface)
 <LI><a href="#[6a]">USB_Warning_interface</a> from alarm_interface.o(i.USB_Warning_interface) referenced from alarm_interface.o(i.Warning_interface)
 <LI><a href="#[82]">USB_anomaly_windows</a> from alarm_interface.o(i.USB_anomaly_windows) referenced from diy_menu_interface.o(i.CC_SET_menu_interface)
 <LI><a href="#[82]">USB_anomaly_windows</a> from alarm_interface.o(i.USB_anomaly_windows) referenced from diy_menu_interface.o(i.DIY_menu_interface)
 <LI><a href="#[82]">USB_anomaly_windows</a> from alarm_interface.o(i.USB_anomaly_windows) referenced from main_menu_interface.o(i.Main_menu_interface)
 <LI><a href="#[82]">USB_anomaly_windows</a> from alarm_interface.o(i.USB_anomaly_windows) referenced from diy_menu_interface.o(i.VT_SET_menu_interface)
 <LI><a href="#[82]">USB_anomaly_windows</a> from alarm_interface.o(i.USB_anomaly_windows) referenced from diy_menu_interface.o(i.VW_SET_menu_interface)
 <LI><a href="#[27]">UsageFault_Handler</a> from stm32f4xx_it.o(i.UsageFault_Handler) referenced from startup_stm32f401xe.o(RESET)
 <LI><a href="#[aa]">VIBRATE_Data_update</a> from system_settings_interface.o(i.VIBRATE_Data_update) referenced from system_settings_interface.o(i.VIBRATE_Set_interface)
 <LI><a href="#[aa]">VIBRATE_Data_update</a> from system_settings_interface.o(i.VIBRATE_Data_update) referenced from system_settings_interface.o(i.VIBRATE_Set_touch)
 <LI><a href="#[cd]">VIBRATE_Set_interface</a> from system_settings_interface.o(i.VIBRATE_Set_interface) referenced from system_settings_interface.o(.constdata)
 <LI><a href="#[9b]">VT_SET_menu_interface</a> from diy_menu_interface.o(i.VT_SET_menu_interface) referenced from lock_resis_interface.o(i.LOCK_Resis_Windows)
 <LI><a href="#[9b]">VT_SET_menu_interface</a> from diy_menu_interface.o(i.VT_SET_menu_interface) referenced from diy_menu_interface.o(i.Main_menu_operation)
 <LI><a href="#[9b]">VT_SET_menu_interface</a> from diy_menu_interface.o(i.VT_SET_menu_interface) referenced from tcr_adjust_interface.o(i.TCR_Data_Set_windows)
 <LI><a href="#[9b]">VT_SET_menu_interface</a> from diy_menu_interface.o(i.VT_SET_menu_interface) referenced from diy_menu_interface.o(i.VT_SET_menu_operation)
 <LI><a href="#[9d]">VW_SET_menu_interface</a> from diy_menu_interface.o(i.VW_SET_menu_interface) referenced from diy_menu_interface.o(i.Main_menu_operation)
 <LI><a href="#[9d]">VW_SET_menu_interface</a> from diy_menu_interface.o(i.VW_SET_menu_interface) referenced from main interface.o(i.Main_operation)
 <LI><a href="#[ae]">Voltage_Output_control</a> from voltage_mode_control.o(i.Voltage_Output_control) referenced from voltage_mode_control.o(i.Voltage_mode_int)
 <LI><a href="#[2c]">WWDG_IRQHandler</a> from startup_stm32f401xe.o(.text) referenced from startup_stm32f401xe.o(RESET)
 <LI><a href="#[68]">Warning_interface</a> from alarm_interface.o(i.Warning_interface) referenced from public.o(i.ADDSUB_LOCK_GOTO)
 <LI><a href="#[68]">Warning_interface</a> from alarm_interface.o(i.Warning_interface) referenced from battery_charging_interface.o(i.Battery_charging_interface)
 <LI><a href="#[68]">Warning_interface</a> from alarm_interface.o(i.Warning_interface) referenced from public.o(i.Key_smoke)
 <LI><a href="#[68]">Warning_interface</a> from alarm_interface.o(i.Warning_interface) referenced from lock_resis_interface.o(i.LOCK_Resis_touch)
 <LI><a href="#[68]">Warning_interface</a> from alarm_interface.o(i.Warning_interface) referenced from main interface.o(i.Main_interface)
 <LI><a href="#[68]">Warning_interface</a> from alarm_interface.o(i.Warning_interface) referenced from public.o(i.Main_menu_GOTO)
 <LI><a href="#[68]">Warning_interface</a> from alarm_interface.o(i.Warning_interface) referenced from main_menu_interface.o(i.Menu_coordinate_Init)
 <LI><a href="#[68]">Warning_interface</a> from alarm_interface.o(i.Warning_interface) referenced from screensaver_interface.o(i.Screensaver_interface)
 <LI><a href="#[a3]">Watch_Dispaly_1_Display</a> from screensaver_interface.o(i.Watch_Dispaly_1_Display) referenced from screensaver_interface.o(i.Screensaver_Windows_1)
 <LI><a href="#[a5]">Watch_Dispaly_2_Display</a> from screensaver_interface.o(i.Watch_Dispaly_2_Display) referenced from screensaver_interface.o(i.Screensaver_Windows_2)
 <LI><a href="#[b4]">Watt_Output_control</a> from watt_mode_control.o(i.Watt_Output_control) referenced from watt_mode_control.o(i.Watt_mode_int)
 <LI><a href="#[f6]">_CalcSizeOfChar</a> from gui_uc_encodeutf8.o(i._CalcSizeOfChar) referenced 2 times from gui_uc_encodeutf8.o(.constdata)
 <LI><a href="#[95]">_ClearUnusedPixels</a> from gui_gif.o(i._ClearUnusedPixels) referenced from gui_gif.o(i.GUI_GIF_DrawSubEx)
 <LI><a href="#[fd]">_Color2IndexBulk</a> from guicc_m565.o(i._Color2IndexBulk) referenced 2 times from guicc_m565.o(.constdata)
 <LI><a href="#[139]">_Color2Index_0</a> from guicc_0.o(i._Color2Index_0) referenced from guicc_0.o(.constdata)
 <LI><a href="#[120]">_Color2Index_8888</a> from guicc_8888.o(i._Color2Index_8888) referenced from guicc_8888.o(.constdata)
 <LI><a href="#[fb]">_Color2Index_M565</a> from guicc_m565.o(i._Color2Index_M565) referenced from guicc_m565.o(.constdata)
 <LI><a href="#[8a]">_Cutt_Vape_Arc</a> from main interface.o(i._Cutt_Vape_Arc) referenced from main interface.o(i.Clear_Vape_Arc)
 <LI><a href="#[df]">_DrawBitmap</a> from guidrv_template.o(i._DrawBitmap) referenced 4 times from guidrv_template.o(.constdata)
 <LI><a href="#[11b]">_DrawBitmapA565</a> from gui_drawbitmap_a16.o(i._DrawBitmapA565) referenced from gui_drawbitmap_a16.o(.constdata)
 <LI><a href="#[f2]">_DrawBitmapSwapRB</a> from gui_drawbitmap_565.o(i._DrawBitmapSwapRB) referenced from gui_drawbitmap_565.o(.constdata)
 <LI><a href="#[96]">_DrawFromDataBlock</a> from gui_gif.o(i._DrawFromDataBlock) referenced from gui_gif.o(i.GUI_GIF_DrawSubEx)
 <LI><a href="#[e0]">_DrawHLine</a> from guidrv_template.o(i._DrawHLine) referenced 4 times from guidrv_template.o(.constdata)
 <LI><a href="#[94]">_DrawHLine</a> from guiaa_lib.o(i._DrawHLine) referenced from guiaa_lib.o(i.GUI_AA_Init)
 <LI><a href="#[b7]">_DrawStreamedBitmapExNoPalette</a> from gui_stream.o(i._DrawStreamedBitmapExNoPalette) referenced from gui_stream.o(i._DrawStreamedBitmapEx)
 <LI><a href="#[e1]">_DrawVLine</a> from guidrv_template.o(i._DrawVLine) referenced 4 times from guidrv_template.o(.constdata)
 <LI><a href="#[f7]">_Encode</a> from gui_uc_encodeutf8.o(i._Encode) referenced 2 times from gui_uc_encodeutf8.o(.constdata)
 <LI><a href="#[c1]">_FillPolygon</a> from guidev_measure.o(i._FillPolygon) referenced from guidev_measure.o(i._GetDevFunc)
 <LI><a href="#[c2]">_FillPolygonAA</a> from guidev_measure.o(i._FillPolygonAA) referenced from guidev_measure.o(i._GetDevFunc)
 <LI><a href="#[e2]">_FillRect</a> from guidrv_template.o(i._FillRect) referenced 4 times from guidrv_template.o(.constdata)
 <LI><a href="#[137]">_GUI_USAGE_BM_Delete</a> from guidev_usagebm.o(i._GUI_USAGE_BM_Delete) referenced from guidev_usagebm.o(.constdata)
 <LI><a href="#[f4]">_GetCharCode</a> from gui_uc_encodeutf8.o(i._GetCharCode) referenced 2 times from gui_uc_encodeutf8.o(.constdata)
 <LI><a href="#[f5]">_GetCharSize</a> from gui_uc_encodeutf8.o(i._GetCharSize) referenced 2 times from gui_uc_encodeutf8.o(.constdata)
 <LI><a href="#[e9]">_GetDevData</a> from guidrv_template.o(i._GetDevData) referenced 4 times from guidrv_template.o(.constdata)
 <LI><a href="#[e7]">_GetDevFunc</a> from guidrv_template.o(i._GetDevFunc) referenced 4 times from guidrv_template.o(.constdata)
 <LI><a href="#[e8]">_GetDevProp</a> from guidrv_template.o(i._GetDevProp) referenced 4 times from guidrv_template.o(.constdata)
 <LI><a href="#[13b]">_GetIndexMask_0</a> from guicc_0.o(i._GetIndexMask_0) referenced from guicc_0.o(.constdata)
 <LI><a href="#[fa]">_GetIndexMask_1</a> from guicc_1.o(i._GetIndexMask_1) referenced from guicc_1.o(.constdata)
 <LI><a href="#[122]">_GetIndexMask_8888</a> from guicc_8888.o(i._GetIndexMask_8888) referenced from guicc_8888.o(.constdata)
 <LI><a href="#[fc]">_GetIndexMask_M565</a> from guicc_m565.o(i._GetIndexMask_M565) referenced from guicc_m565.o(.constdata)
 <LI><a href="#[e3]">_GetPixelIndex</a> from guidrv_template.o(i._GetPixelIndex) referenced 4 times from guidrv_template.o(.constdata)
 <LI><a href="#[ea]">_GetRect</a> from guidrv_template.o(i._GetRect) referenced 4 times from guidrv_template.o(.constdata)
 <LI><a href="#[fe]">_Index2ColorBulk</a> from guicc_m565.o(i._Index2ColorBulk) referenced 2 times from guicc_m565.o(.constdata)
 <LI><a href="#[13a]">_Index2Color_0</a> from guicc_0.o(i._Index2Color_0) referenced from guicc_0.o(.constdata)
 <LI><a href="#[f9]">_Index2Color_1</a> from guicc_1.o(i._Index2Color_1) referenced from guicc_1.o(.constdata)
 <LI><a href="#[bc]">_Init</a> from guidrv_template.o(i._Init) referenced from guidrv_template.o(i._GetDevFunc)
 <LI><a href="#[1a]">_Log2VisBuffered</a> from gui_charline.o(i._Log2VisBuffered) referenced 2 times from gui_charline.o(.data)
 <LI><a href="#[21]">_NextPixel_End</a> from lcd_nextpixelapi.o(i._NextPixel_End) referenced 2 times from lcd_nextpixelapi.o(.data)
 <LI><a href="#[20]">_NextPixel_NextLine</a> from lcd_nextpixelapi.o(i._NextPixel_NextLine) referenced 2 times from lcd_nextpixelapi.o(.data)
 <LI><a href="#[1f]">_NextPixel_SetPixel</a> from lcd_nextpixelapi.o(i._NextPixel_SetPixel) referenced 2 times from lcd_nextpixelapi.o(.data)
 <LI><a href="#[1e]">_NextPixel_Start</a> from lcd_nextpixelapi.o(i._NextPixel_Start) referenced 2 times from lcd_nextpixelapi.o(.data)
 <LI><a href="#[be]">_Off</a> from guidrv_template.o(i._Off) referenced from guidrv_template.o(i._GetDevFunc)
 <LI><a href="#[bd]">_On</a> from guidrv_template.o(i._On) referenced from guidrv_template.o(i._GetDevFunc)
 <LI><a href="#[93]">_OnExit</a> from guiaa_lib.o(i._OnExit) referenced from guiaa_lib.o(i.GUI_AA_Init)
 <LI><a href="#[97]">_OnExit</a> from gui_core.o(i._OnExit) referenced from gui_core.o(i.GUI_Init)
 <LI><a href="#[98]">_OnExit</a> from gui__alpha.o(i._OnExit) referenced from gui__alpha.o(i.GUI__GetAlphaBuffer)
 <LI><a href="#[9a]">_OnExit</a> from lcd_color.o(i._OnExit) referenced from lcd_color.o(i.LCD_InitColors)
 <LI><a href="#[b0]">_OnExit</a> from wm.o(i._OnExit) referenced from wm.o(i.WM_Init)
 <LI><a href="#[c3]">_OnExit</a> from gui_alloc.o(i._OnExit) referenced from gui_alloc.o(i._InitOnce)
 <LI><a href="#[b3]">_Pointer_Hours_2_Display</a> from screensaver_interface.o(i._Pointer_Hours_2_Display) referenced from screensaver_interface.o(i.Watch_Dispaly_2_Display)
 <LI><a href="#[b2]">_Pointer_Minutes_2_Display</a> from screensaver_interface.o(i._Pointer_Minutes_2_Display) referenced from screensaver_interface.o(i.Watch_Dispaly_2_Display)
 <LI><a href="#[b1]">_Pointer_Seconds_2_Display</a> from screensaver_interface.o(i._Pointer_Seconds_2_Display) referenced from screensaver_interface.o(i.Watch_Dispaly_2_Display)
 <LI><a href="#[a2]">_SP_Vape_Arc</a> from main interface.o(i._SP_Vape_Arc) referenced from main interface.o(i.SP_Cutt_Vape_Arc_4)
 <LI><a href="#[126]">_SetBkColor</a> from lcd.o(i._SetBkColor) referenced from lcd.o(.constdata)
 <LI><a href="#[125]">_SetColor</a> from lcd.o(i._SetColor) referenced from lcd.o(.constdata)
 <LI><a href="#[127]">_SetDrawMode</a> from lcd.o(i._SetDrawMode) referenced from lcd.o(.constdata)
 <LI><a href="#[bf]">_SetLUTEntry</a> from guidrv_template.o(i._SetLUTEntry) referenced from guidrv_template.o(i._GetDevFunc)
 <LI><a href="#[e6]">_SetOrg</a> from guidrv_template.o(i._SetOrg) referenced 4 times from guidrv_template.o(.constdata)
 <LI><a href="#[e4]">_SetPixelIndex</a> from guidrv_template.o(i._SetPixelIndex) referenced 4 times from guidrv_template.o(.constdata)
 <LI><a href="#[bb]">_SetSize</a> from guidrv_template.o(i._SetSize) referenced from guidrv_template.o(i._GetDevFunc)
 <LI><a href="#[b9]">_SetVRAMAddr</a> from guidrv_template.o(i._SetVRAMAddr) referenced from guidrv_template.o(i._GetDevFunc)
 <LI><a href="#[ba]">_SetVSize</a> from guidrv_template.o(i._SetVSize) referenced from guidrv_template.o(i._GetDevFunc)
 <LI><a href="#[87]">_Tim_Vape_Arc_L</a> from main interface.o(i._Tim_Vape_Arc_L) referenced from main interface.o(i.Change_Arc_angle_State)
 <LI><a href="#[88]">_Tim_Vape_Arc_R</a> from main interface.o(i._Tim_Vape_Arc_R) referenced from main interface.o(i.Change_Arc_angle_State)
 <LI><a href="#[e5]">_XorPixel</a> from guidrv_template.o(i._XorPixel) referenced 4 times from guidrv_template.o(.constdata)
 <LI><a href="#[66]">__main</a> from entry.o(.ARM.Collect$$$$00000000) referenced from startup_stm32f401xe.o(.text)
 <LI><a href="#[14]">__max_DisWave</a> from main interface.o(i.__max_DisWave) referenced 2 times from main interface.o(.data)
 <LI><a href="#[14]">__max_DisWave</a> from main interface.o(i.__max_DisWave) referenced from main interface.o(i.CCT_Custom_MODE_windows)
 <LI><a href="#[14]">__max_DisWave</a> from main interface.o(i.__max_DisWave) referenced from main interface.o(i.CCV_Custom_MODE_windows)
 <LI><a href="#[14]">__max_DisWave</a> from main interface.o(i.__max_DisWave) referenced from main interface.o(i.Custom_MODE_windows)
 <LI><a href="#[7a]">__pfDraw</a> from system_settings_interface.o(i.__pfDraw) referenced from system_settings_interface.o(i.BrightScreen_time_Set_windows)
 <LI><a href="#[7a]">__pfDraw</a> from system_settings_interface.o(i.__pfDraw) referenced from system_settings_interface.o(i.BrightScreen_time_touch)
 <LI><a href="#[7a]">__pfDraw</a> from system_settings_interface.o(i.__pfDraw) referenced from system_settings_interface.o(i.VIBRATE_Set_interface)
 <LI><a href="#[7a]">__pfDraw</a> from system_settings_interface.o(i.__pfDraw) referenced from system_settings_interface.o(i.VIBRATE_Set_touch)
 <LI><a href="#[af]">_cbBackWin</a> from wm.o(i._cbBackWin) referenced from wm.o(i.WM_Init)
 <LI><a href="#[c4]">_sputc</a> from printf6.o(i._sputc) referenced from printf6.o(i.__0sprintf$6)
 <LI><a href="#[64]">main</a> from main.o(i.main) referenced from entry9a.o(.ARM.Collect$$$$0000000B)
 <LI><a href="#[d3]">print_AMPM</a> from rtc_set_interface.o(i.print_AMPM) referenced from rtc_set_interface.o(.constdata)
 <LI><a href="#[d1]">print_Day</a> from rtc_set_interface.o(i.print_Day) referenced from rtc_set_interface.o(.constdata)
 <LI><a href="#[d4]">print_Hours</a> from rtc_set_interface.o(i.print_Hours) referenced from rtc_set_interface.o(.constdata)
 <LI><a href="#[d5]">print_Minutes</a> from rtc_set_interface.o(i.print_Minutes) referenced from rtc_set_interface.o(.constdata)
 <LI><a href="#[d0]">print_Month</a> from rtc_set_interface.o(i.print_Month) referenced from rtc_set_interface.o(.constdata)
 <LI><a href="#[d6]">print_Seconds</a> from rtc_set_interface.o(i.print_Seconds) referenced from rtc_set_interface.o(.constdata)
 <LI><a href="#[cf]">print_Watch</a> from rtc_set_interface.o(i.print_Watch) referenced from rtc_set_interface.o(.constdata)
 <LI><a href="#[d2]">print_Year</a> from rtc_set_interface.o(i.print_Year) referenced from rtc_set_interface.o(.constdata)
 <LI><a href="#[d7]">watch_set</a> from rtc_set_interface.o(i.watch_set) referenced from rtc_set_interface.o(.constdata)
</UL>
<P>
<H3>
Global Symbols
</H3>
<P><STRONG><a name="[66]"></a>__main</STRONG> (Thumb, 0 bytes, Stack size unknown bytes, entry.o(.ARM.Collect$$$$00000000))
<BR>[Address Reference Count : 1]<UL><LI> startup_stm32f401xe.o(.text)
</UL>
<P><STRONG><a name="[49a]"></a>_main_stk</STRONG> (Thumb, 0 bytes, Stack size unknown bytes, entry2.o(.ARM.Collect$$$$00000001))

<P><STRONG><a name="[13c]"></a>_main_scatterload</STRONG> (Thumb, 0 bytes, Stack size unknown bytes, entry5.o(.ARM.Collect$$$$00000004))
<BR><BR>[Calls]<UL><LI><a href="#[13d]">&gt;&gt;</a>&nbsp;&nbsp;&nbsp;__scatterload
</UL>

<P><STRONG><a name="[14f]"></a>__main_after_scatterload</STRONG> (Thumb, 0 bytes, Stack size unknown bytes, entry5.o(.ARM.Collect$$$$00000004))
<BR><BR>[Called By]<UL><LI><a href="#[13d]">&gt;&gt;</a>&nbsp;&nbsp;&nbsp;__scatterload
</UL>

<P><STRONG><a name="[49b]"></a>_main_clock</STRONG> (Thumb, 0 bytes, Stack size unknown bytes, entry7b.o(.ARM.Collect$$$$00000008))

<P><STRONG><a name="[49c]"></a>_main_cpp_init</STRONG> (Thumb, 0 bytes, Stack size unknown bytes, entry8b.o(.ARM.Collect$$$$0000000A))

<P><STRONG><a name="[49d]"></a>_main_init</STRONG> (Thumb, 0 bytes, Stack size unknown bytes, entry9a.o(.ARM.Collect$$$$0000000B))

<P><STRONG><a name="[49e]"></a>__rt_final_cpp</STRONG> (Thumb, 0 bytes, Stack size unknown bytes, entry10a.o(.ARM.Collect$$$$0000000D))

<P><STRONG><a name="[49f]"></a>__rt_final_exit</STRONG> (Thumb, 0 bytes, Stack size unknown bytes, entry11a.o(.ARM.Collect$$$$0000000F))

<P><STRONG><a name="[22]"></a>Reset_Handler</STRONG> (Thumb, 8 bytes, Stack size 0 bytes, startup_stm32f401xe.o(.text))
<BR>[Address Reference Count : 1]<UL><LI> startup_stm32f401xe.o(RESET)
</UL>
<P><STRONG><a name="[38]"></a>DMA1_Stream1_IRQHandler</STRONG> (Thumb, 0 bytes, Stack size 0 bytes, startup_stm32f401xe.o(.text))
<BR><BR>[Calls]<UL><LI><a href="#[38]">&gt;&gt;</a>&nbsp;&nbsp;&nbsp;DMA1_Stream1_IRQHandler
</UL>
<BR>[Called By]<UL><LI><a href="#[38]">&gt;&gt;</a>&nbsp;&nbsp;&nbsp;DMA1_Stream1_IRQHandler
</UL>
<BR>[Address Reference Count : 1]<UL><LI> startup_stm32f401xe.o(RESET)
</UL>
<P><STRONG><a name="[39]"></a>DMA1_Stream2_IRQHandler</STRONG> (Thumb, 0 bytes, Stack size 0 bytes, startup_stm32f401xe.o(.text))
<BR>[Address Reference Count : 1]<UL><LI> startup_stm32f401xe.o(RESET)
</UL>
<P><STRONG><a name="[3a]"></a>DMA1_Stream3_IRQHandler</STRONG> (Thumb, 0 bytes, Stack size 0 bytes, startup_stm32f401xe.o(.text))
<BR>[Address Reference Count : 1]<UL><LI> startup_stm32f401xe.o(RESET)
</UL>
<P><STRONG><a name="[3b]"></a>DMA1_Stream4_IRQHandler</STRONG> (Thumb, 0 bytes, Stack size 0 bytes, startup_stm32f401xe.o(.text))
<BR>[Address Reference Count : 1]<UL><LI> startup_stm32f401xe.o(RESET)
</UL>
<P><STRONG><a name="[3c]"></a>DMA1_Stream5_IRQHandler</STRONG> (Thumb, 0 bytes, Stack size 0 bytes, startup_stm32f401xe.o(.text))
<BR>[Address Reference Count : 1]<UL><LI> startup_stm32f401xe.o(RESET)
</UL>
<P><STRONG><a name="[3d]"></a>DMA1_Stream6_IRQHandler</STRONG> (Thumb, 0 bytes, Stack size 0 bytes, startup_stm32f401xe.o(.text))
<BR>[Address Reference Count : 1]<UL><LI> startup_stm32f401xe.o(RESET)
</UL>
<P><STRONG><a name="[52]"></a>DMA1_Stream7_IRQHandler</STRONG> (Thumb, 0 bytes, Stack size 0 bytes, startup_stm32f401xe.o(.text))
<BR>[Address Reference Count : 1]<UL><LI> startup_stm32f401xe.o(RESET)
</UL>
<P><STRONG><a name="[56]"></a>DMA2_Stream0_IRQHandler</STRONG> (Thumb, 0 bytes, Stack size 0 bytes, startup_stm32f401xe.o(.text))
<BR>[Address Reference Count : 1]<UL><LI> startup_stm32f401xe.o(RESET)
</UL>
<P><STRONG><a name="[57]"></a>DMA2_Stream1_IRQHandler</STRONG> (Thumb, 0 bytes, Stack size 0 bytes, startup_stm32f401xe.o(.text))
<BR>[Address Reference Count : 1]<UL><LI> startup_stm32f401xe.o(RESET)
</UL>
<P><STRONG><a name="[58]"></a>DMA2_Stream2_IRQHandler</STRONG> (Thumb, 0 bytes, Stack size 0 bytes, startup_stm32f401xe.o(.text))
<BR>[Address Reference Count : 1]<UL><LI> startup_stm32f401xe.o(RESET)
</UL>
<P><STRONG><a name="[59]"></a>DMA2_Stream3_IRQHandler</STRONG> (Thumb, 0 bytes, Stack size 0 bytes, startup_stm32f401xe.o(.text))
<BR>[Address Reference Count : 1]<UL><LI> startup_stm32f401xe.o(RESET)
</UL>
<P><STRONG><a name="[5a]"></a>DMA2_Stream4_IRQHandler</STRONG> (Thumb, 0 bytes, Stack size 0 bytes, startup_stm32f401xe.o(.text))
<BR>[Address Reference Count : 1]<UL><LI> startup_stm32f401xe.o(RESET)
</UL>
<P><STRONG><a name="[5c]"></a>DMA2_Stream5_IRQHandler</STRONG> (Thumb, 0 bytes, Stack size 0 bytes, startup_stm32f401xe.o(.text))
<BR>[Address Reference Count : 1]<UL><LI> startup_stm32f401xe.o(RESET)
</UL>
<P><STRONG><a name="[5d]"></a>DMA2_Stream6_IRQHandler</STRONG> (Thumb, 0 bytes, Stack size 0 bytes, startup_stm32f401xe.o(.text))
<BR>[Address Reference Count : 1]<UL><LI> startup_stm32f401xe.o(RESET)
</UL>
<P><STRONG><a name="[5e]"></a>DMA2_Stream7_IRQHandler</STRONG> (Thumb, 0 bytes, Stack size 0 bytes, startup_stm32f401xe.o(.text))
<BR>[Address Reference Count : 1]<UL><LI> startup_stm32f401xe.o(RESET)
</UL>
<P><STRONG><a name="[32]"></a>EXTI0_IRQHandler</STRONG> (Thumb, 0 bytes, Stack size 0 bytes, startup_stm32f401xe.o(.text))
<BR>[Address Reference Count : 1]<UL><LI> startup_stm32f401xe.o(RESET)
</UL>
<P><STRONG><a name="[33]"></a>EXTI1_IRQHandler</STRONG> (Thumb, 0 bytes, Stack size 0 bytes, startup_stm32f401xe.o(.text))
<BR>[Address Reference Count : 1]<UL><LI> startup_stm32f401xe.o(RESET)
</UL>
<P><STRONG><a name="[34]"></a>EXTI2_IRQHandler</STRONG> (Thumb, 0 bytes, Stack size 0 bytes, startup_stm32f401xe.o(.text))
<BR>[Address Reference Count : 1]<UL><LI> startup_stm32f401xe.o(RESET)
</UL>
<P><STRONG><a name="[35]"></a>EXTI3_IRQHandler</STRONG> (Thumb, 0 bytes, Stack size 0 bytes, startup_stm32f401xe.o(.text))
<BR>[Address Reference Count : 1]<UL><LI> startup_stm32f401xe.o(RESET)
</UL>
<P><STRONG><a name="[36]"></a>EXTI4_IRQHandler</STRONG> (Thumb, 0 bytes, Stack size 0 bytes, startup_stm32f401xe.o(.text))
<BR>[Address Reference Count : 1]<UL><LI> startup_stm32f401xe.o(RESET)
</UL>
<P><STRONG><a name="[30]"></a>FLASH_IRQHandler</STRONG> (Thumb, 0 bytes, Stack size 0 bytes, startup_stm32f401xe.o(.text))
<BR>[Address Reference Count : 1]<UL><LI> startup_stm32f401xe.o(RESET)
</UL>
<P><STRONG><a name="[62]"></a>FPU_IRQHandler</STRONG> (Thumb, 0 bytes, Stack size 0 bytes, startup_stm32f401xe.o(.text))
<BR>[Address Reference Count : 1]<UL><LI> startup_stm32f401xe.o(RESET)
</UL>
<P><STRONG><a name="[48]"></a>I2C1_ER_IRQHandler</STRONG> (Thumb, 0 bytes, Stack size 0 bytes, startup_stm32f401xe.o(.text))
<BR>[Address Reference Count : 1]<UL><LI> startup_stm32f401xe.o(RESET)
</UL>
<P><STRONG><a name="[47]"></a>I2C1_EV_IRQHandler</STRONG> (Thumb, 0 bytes, Stack size 0 bytes, startup_stm32f401xe.o(.text))
<BR>[Address Reference Count : 1]<UL><LI> startup_stm32f401xe.o(RESET)
</UL>
<P><STRONG><a name="[4a]"></a>I2C2_ER_IRQHandler</STRONG> (Thumb, 0 bytes, Stack size 0 bytes, startup_stm32f401xe.o(.text))
<BR>[Address Reference Count : 1]<UL><LI> startup_stm32f401xe.o(RESET)
</UL>
<P><STRONG><a name="[49]"></a>I2C2_EV_IRQHandler</STRONG> (Thumb, 0 bytes, Stack size 0 bytes, startup_stm32f401xe.o(.text))
<BR>[Address Reference Count : 1]<UL><LI> startup_stm32f401xe.o(RESET)
</UL>
<P><STRONG><a name="[61]"></a>I2C3_ER_IRQHandler</STRONG> (Thumb, 0 bytes, Stack size 0 bytes, startup_stm32f401xe.o(.text))
<BR>[Address Reference Count : 1]<UL><LI> startup_stm32f401xe.o(RESET)
</UL>
<P><STRONG><a name="[60]"></a>I2C3_EV_IRQHandler</STRONG> (Thumb, 0 bytes, Stack size 0 bytes, startup_stm32f401xe.o(.text))
<BR>[Address Reference Count : 1]<UL><LI> startup_stm32f401xe.o(RESET)
</UL>
<P><STRONG><a name="[51]"></a>OTG_FS_WKUP_IRQHandler</STRONG> (Thumb, 0 bytes, Stack size 0 bytes, startup_stm32f401xe.o(.text))
<BR>[Address Reference Count : 1]<UL><LI> startup_stm32f401xe.o(RESET)
</UL>
<P><STRONG><a name="[2d]"></a>PVD_IRQHandler</STRONG> (Thumb, 0 bytes, Stack size 0 bytes, startup_stm32f401xe.o(.text))
<BR>[Address Reference Count : 1]<UL><LI> startup_stm32f401xe.o(RESET)
</UL>
<P><STRONG><a name="[31]"></a>RCC_IRQHandler</STRONG> (Thumb, 0 bytes, Stack size 0 bytes, startup_stm32f401xe.o(.text))
<BR>[Address Reference Count : 1]<UL><LI> startup_stm32f401xe.o(RESET)
</UL>
<P><STRONG><a name="[50]"></a>RTC_Alarm_IRQHandler</STRONG> (Thumb, 0 bytes, Stack size 0 bytes, startup_stm32f401xe.o(.text))
<BR>[Address Reference Count : 1]<UL><LI> startup_stm32f401xe.o(RESET)
</UL>
<P><STRONG><a name="[2f]"></a>RTC_WKUP_IRQHandler</STRONG> (Thumb, 0 bytes, Stack size 0 bytes, startup_stm32f401xe.o(.text))
<BR>[Address Reference Count : 1]<UL><LI> startup_stm32f401xe.o(RESET)
</UL>
<P><STRONG><a name="[53]"></a>SDIO_IRQHandler</STRONG> (Thumb, 0 bytes, Stack size 0 bytes, startup_stm32f401xe.o(.text))
<BR>[Address Reference Count : 1]<UL><LI> startup_stm32f401xe.o(RESET)
</UL>
<P><STRONG><a name="[4b]"></a>SPI1_IRQHandler</STRONG> (Thumb, 0 bytes, Stack size 0 bytes, startup_stm32f401xe.o(.text))
<BR>[Address Reference Count : 1]<UL><LI> startup_stm32f401xe.o(RESET)
</UL>
<P><STRONG><a name="[4c]"></a>SPI2_IRQHandler</STRONG> (Thumb, 0 bytes, Stack size 0 bytes, startup_stm32f401xe.o(.text))
<BR>[Address Reference Count : 1]<UL><LI> startup_stm32f401xe.o(RESET)
</UL>
<P><STRONG><a name="[55]"></a>SPI3_IRQHandler</STRONG> (Thumb, 0 bytes, Stack size 0 bytes, startup_stm32f401xe.o(.text))
<BR>[Address Reference Count : 1]<UL><LI> startup_stm32f401xe.o(RESET)
</UL>
<P><STRONG><a name="[63]"></a>SPI4_IRQHandler</STRONG> (Thumb, 0 bytes, Stack size 0 bytes, startup_stm32f401xe.o(.text))
<BR>[Address Reference Count : 1]<UL><LI> startup_stm32f401xe.o(RESET)
</UL>
<P><STRONG><a name="[2e]"></a>TAMP_STAMP_IRQHandler</STRONG> (Thumb, 0 bytes, Stack size 0 bytes, startup_stm32f401xe.o(.text))
<BR>[Address Reference Count : 1]<UL><LI> startup_stm32f401xe.o(RESET)
</UL>
<P><STRONG><a name="[40]"></a>TIM1_BRK_TIM9_IRQHandler</STRONG> (Thumb, 0 bytes, Stack size 0 bytes, startup_stm32f401xe.o(.text))
[...]
<LI><a href="#[45e]">&gt;&gt;</a>&nbsp;&nbsp;&nbsp;GUI_ALLOC_h2p
<LI><a href="#[27d]">&gt;&gt;</a>&nbsp;&nbsp;&nbsp;GUI_ALLOC_UnlockH
<LI><a href="#[27c]">&gt;&gt;</a>&nbsp;&nbsp;&nbsp;GUI_ALLOC_LockH
<LI><a href="#[2f3]">&gt;&gt;</a>&nbsp;&nbsp;&nbsp;GUI_RectsIntersect
<LI><a href="#[473]">&gt;&gt;</a>&nbsp;&nbsp;&nbsp;_Findx0
</UL>
<BR>[Called By]<UL><LI><a href="#[1ee]">&gt;&gt;</a>&nbsp;&nbsp;&nbsp;WM__GetNextIVR
<LI><a href="#[473]">&gt;&gt;</a>&nbsp;&nbsp;&nbsp;_Findx0
</UL>

<P><STRONG><a name="[474]"></a>_Findx1</STRONG> (Thumb, 128 bytes, Stack size 32 bytes, wm.o(i._Findx1))
<BR><BR>[Stack]<UL><LI>Max Depth = 40 + In Cycle
<LI>Call Chain = _Findx1 &rArr;  _Findx1 (Cycle)
</UL>
<BR>[Calls]<UL><LI><a href="#[29b]">&gt;&gt;</a>&nbsp;&nbsp;&nbsp;GUI__IntersectRects
<LI><a href="#[45e]">&gt;&gt;</a>&nbsp;&nbsp;&nbsp;GUI_ALLOC_h2p
<LI><a href="#[27d]">&gt;&gt;</a>&nbsp;&nbsp;&nbsp;GUI_ALLOC_UnlockH
<LI><a href="#[27c]">&gt;&gt;</a>&nbsp;&nbsp;&nbsp;GUI_ALLOC_LockH
<LI><a href="#[2f3]">&gt;&gt;</a>&nbsp;&nbsp;&nbsp;GUI_RectsIntersect
<LI><a href="#[474]">&gt;&gt;</a>&nbsp;&nbsp;&nbsp;_Findx1
</UL>
<BR>[Called By]<UL><LI><a href="#[1ee]">&gt;&gt;</a>&nbsp;&nbsp;&nbsp;WM__GetNextIVR
<LI><a href="#[474]">&gt;&gt;</a>&nbsp;&nbsp;&nbsp;_Findx1
</UL>

<P><STRONG><a name="[472]"></a>_Findy1</STRONG> (Thumb, 180 bytes, Stack size 32 bytes, wm.o(i._Findy1))
<BR><BR>[Stack]<UL><LI>Max Depth = 40 + In Cycle
<LI>Call Chain = _Findy1 &rArr;  _Findy1 (Cycle)
</UL>
<BR>[Calls]<UL><LI><a href="#[29b]">&gt;&gt;</a>&nbsp;&nbsp;&nbsp;GUI__IntersectRects
<LI><a href="#[45e]">&gt;&gt;</a>&nbsp;&nbsp;&nbsp;GUI_ALLOC_h2p
<LI><a href="#[27d]">&gt;&gt;</a>&nbsp;&nbsp;&nbsp;GUI_ALLOC_UnlockH
<LI><a href="#[27c]">&gt;&gt;</a>&nbsp;&nbsp;&nbsp;GUI_ALLOC_LockH
<LI><a href="#[2f3]">&gt;&gt;</a>&nbsp;&nbsp;&nbsp;GUI_RectsIntersect
<LI><a href="#[472]">&gt;&gt;</a>&nbsp;&nbsp;&nbsp;_Findy1
</UL>
<BR>[Called By]<UL><LI><a href="#[1ee]">&gt;&gt;</a>&nbsp;&nbsp;&nbsp;WM__GetNextIVR
<LI><a href="#[472]">&gt;&gt;</a>&nbsp;&nbsp;&nbsp;_Findy1
</UL>

<P><STRONG><a name="[46d]"></a>_Invalidate1Abs</STRONG> (Thumb, 176 bytes, Stack size 32 bytes, wm.o(i._Invalidate1Abs))
<BR><BR>[Stack]<UL><LI>Max Depth = 40<LI>Call Chain = _Invalidate1Abs &rArr; GUI__IntersectRects
</UL>
<BR>[Calls]<UL><LI><a href="#[29b]">&gt;&gt;</a>&nbsp;&nbsp;&nbsp;GUI__IntersectRects
<LI><a href="#[45e]">&gt;&gt;</a>&nbsp;&nbsp;&nbsp;GUI_ALLOC_h2p
<LI><a href="#[27d]">&gt;&gt;</a>&nbsp;&nbsp;&nbsp;GUI_ALLOC_UnlockH
<LI><a href="#[27c]">&gt;&gt;</a>&nbsp;&nbsp;&nbsp;GUI_ALLOC_LockH
<LI><a href="#[2ef]">&gt;&gt;</a>&nbsp;&nbsp;&nbsp;GUI_SignalEvent
<LI><a href="#[2dc]">&gt;&gt;</a>&nbsp;&nbsp;&nbsp;GUI_MergeRect
</UL>
<BR>[Called By]<UL><LI><a href="#[46e]">&gt;&gt;</a>&nbsp;&nbsp;&nbsp;WM__InvalidateRect
<LI><a href="#[46f]">&gt;&gt;</a>&nbsp;&nbsp;&nbsp;WM_InvalidateWindowAndDescsEx
<LI><a href="#[461]">&gt;&gt;</a>&nbsp;&nbsp;&nbsp;WM_InvalidateRect
</UL>

<P><STRONG><a name="[b0]"></a>_OnExit</STRONG> (Thumb, 36 bytes, Stack size 0 bytes, wm.o(i._OnExit))
<BR>[Address Reference Count : 1]<UL><LI> wm.o(i.WM_Init)
</UL>
<P><STRONG><a name="[af]"></a>_cbBackWin</STRONG> (Thumb, 152 bytes, Stack size 16 bytes, wm.o(i._cbBackWin))
<BR><BR>[Stack]<UL><LI>Max Depth = 248<LI>Call Chain = _cbBackWin &rArr; GUI_Clear &rArr; WM__InitIVRSearch &rArr; WM__GetNextIVR &rArr; WM__ActivateClipRect &rArr; LCD_SetClipRectEx &rArr; GUI__IntersectRects
</UL>
<BR>[Calls]<UL><LI><a href="#[178]">&gt;&gt;</a>&nbsp;&nbsp;&nbsp;GUI_SetBkColor
<LI><a href="#[179]">&gt;&gt;</a>&nbsp;&nbsp;&nbsp;GUI_Clear
<LI><a href="#[464]">&gt;&gt;</a>&nbsp;&nbsp;&nbsp;WM__GetClientRectEx
<LI><a href="#[465]">&gt;&gt;</a>&nbsp;&nbsp;&nbsp;WM_SendToParent
<LI><a href="#[2ee]">&gt;&gt;</a>&nbsp;&nbsp;&nbsp;GUI_StoreKey
<LI><a href="#[461]">&gt;&gt;</a>&nbsp;&nbsp;&nbsp;WM_InvalidateRect
</UL>
<BR>[Address Reference Count : 1]<UL><LI> wm.o(i.WM_Init)
</UL>
<P><STRONG><a name="[1a]"></a>_Log2VisBuffered</STRONG> (Thumb, 2 bytes, Stack size 0 bytes, gui_charline.o(i._Log2VisBuffered))
<BR>[Address Reference Count : 1]<UL><LI> gui_charline.o(.data)
</UL>
<P><STRONG><a name="[11b]"></a>_DrawBitmapA565</STRONG> (Thumb, 26 bytes, Stack size 40 bytes, gui_drawbitmap_a16.o(i._DrawBitmapA565))
<BR><BR>[Stack]<UL><LI>Max Depth = 376<LI>Call Chain = _DrawBitmapA565 &rArr; GUI__DrawBitmapA16bpp &rArr; GUI__GetAlphaBuffer &rArr; GUI_ALLOC_GetFixedBlock &rArr; _InitOnce &rArr; _EnlargeBlocks &rArr; _Alloc &rArr;  _InitOnce (Cycle)
</UL>
<BR>[Calls]<UL><LI><a href="#[2f9]">&gt;&gt;</a>&nbsp;&nbsp;&nbsp;GUI__DrawBitmapA16bpp
</UL>
<BR>[Address Reference Count : 1]<UL><LI> gui_drawbitmap_a16.o(.constdata)
</UL>
<P><STRONG><a name="[11e]"></a>_CalcSizeOfChar</STRONG> (Thumb, 4 bytes, Stack size 0 bytes, gui_uc_encodenone.o(i._CalcSizeOfChar))
<BR>[Address Reference Count : 1]<UL><LI> gui_uc_encodenone.o(.constdata)
</UL>
<P><STRONG><a name="[11f]"></a>_Encode</STRONG> (Thumb, 6 bytes, Stack size 0 bytes, gui_uc_encodenone.o(i._Encode))
<BR>[Address Reference Count : 1]<UL><LI> gui_uc_encodenone.o(.constdata)
</UL>
<P><STRONG><a name="[11c]"></a>_GetCharCode</STRONG> (Thumb, 4 bytes, Stack size 0 bytes, gui_uc_encodenone.o(i._GetCharCode))
<BR>[Address Reference Count : 1]<UL><LI> gui_uc_encodenone.o(.constdata)
</UL>
<P><STRONG><a name="[11d]"></a>_GetCharSize</STRONG> (Thumb, 4 bytes, Stack size 0 bytes, gui_uc_encodenone.o(i._GetCharSize))
<BR>[Address Reference Count : 1]<UL><LI> gui_uc_encodenone.o(.constdata)
</UL>
<P><STRONG><a name="[123]"></a>_Color2IndexBulk</STRONG> (Thumb, 58 bytes, Stack size 4 bytes, guicc_8888.o(i._Color2IndexBulk))
<BR><BR>[Stack]<UL><LI>Max Depth = 4<LI>Call Chain = _Color2IndexBulk
</UL>
<BR>[Address Reference Count : 1]<UL><LI> guicc_8888.o(.constdata)
</UL>
<P><STRONG><a name="[120]"></a>_Color2Index_8888</STRONG> (Thumb, 2 bytes, Stack size 0 bytes, guicc_8888.o(i._Color2Index_8888))
<BR>[Address Reference Count : 1]<UL><LI> guicc_8888.o(.constdata)
</UL>
<P><STRONG><a name="[122]"></a>_GetIndexMask_8888</STRONG> (Thumb, 6 bytes, Stack size 0 bytes, guicc_8888.o(i._GetIndexMask_8888))
<BR>[Address Reference Count : 1]<UL><LI> guicc_8888.o(.constdata)
</UL>
<P><STRONG><a name="[124]"></a>_Index2ColorBulk</STRONG> (Thumb, 92 bytes, Stack size 4 bytes, guicc_8888.o(i._Index2ColorBulk))
<BR><BR>[Stack]<UL><LI>Max Depth = 4<LI>Call Chain = _Index2ColorBulk
</UL>
<BR>[Address Reference Count : 1]<UL><LI> guicc_8888.o(.constdata)
</UL>
<P><STRONG><a name="[126]"></a>_SetBkColor</STRONG> (Thumb, 48 bytes, Stack size 8 bytes, lcd.o(i._SetBkColor))
<BR><BR>[Stack]<UL><LI>Max Depth = 8<LI>Call Chain = _SetBkColor
</UL>
<BR>[Address Reference Count : 1]<UL><LI> lcd.o(.constdata)
</UL>
<P><STRONG><a name="[125]"></a>_SetColor</STRONG> (Thumb, 48 bytes, Stack size 8 bytes, lcd.o(i._SetColor))
<BR><BR>[Stack]<UL><LI>Max Depth = 8<LI>Call Chain = _SetColor
</UL>
<BR>[Address Reference Count : 1]<UL><LI> lcd.o(.constdata)
</UL>
<P><STRONG><a name="[127]"></a>_SetDrawMode</STRONG> (Thumb, 50 bytes, Stack size 4 bytes, lcd.o(i._SetDrawMode))
<BR><BR>[Stack]<UL><LI>Max Depth = 4<LI>Call Chain = _SetDrawMode
</UL>
<BR>[Address Reference Count : 1]<UL><LI> lcd.o(.constdata)
</UL>
<P><STRONG><a name="[9a]"></a>_OnExit</STRONG> (Thumb, 16 bytes, Stack size 8 bytes, lcd_color.o(i._OnExit))
<BR><BR>[Stack]<UL><LI>Max Depth = 8<LI>Call Chain = _OnExit
</UL>
<BR>[Calls]<UL><LI><a href="#[28d]">&gt;&gt;</a>&nbsp;&nbsp;&nbsp;GUI_ALLOC_FreeFixedBlock
</UL>
<BR>[Address Reference Count : 1]<UL><LI> lcd_color.o(i.LCD_InitColors)
</UL>
<P><STRONG><a name="[128]"></a>_DrawBitmap</STRONG> (Thumb, 20 bytes, Stack size 0 bytes, guidev_measure.o(i._DrawBitmap))
<BR><BR>[Stack]<UL><LI>Max Depth = 24<LI>Call Chain = _DrawBitmap &rArr; _MarkRect
</UL>
<BR>[Calls]<UL><LI><a href="#[484]">&gt;&gt;</a>&nbsp;&nbsp;&nbsp;_MarkRect
</UL>
<BR>[Address Reference Count : 1]<UL><LI> guidev_measure.o(.constdata)
</UL>
<P><STRONG><a name="[129]"></a>_DrawHLine</STRONG> (Thumb, 14 bytes, Stack size 0 bytes, guidev_measure.o(i._DrawHLine))
<BR><BR>[Stack]<UL><LI>Max Depth = 24<LI>Call Chain = _DrawHLine &rArr; _MarkRect
</UL>
<BR>[Calls]<UL><LI><a href="#[484]">&gt;&gt;</a>&nbsp;&nbsp;&nbsp;_MarkRect
</UL>
<BR>[Address Reference Count : 1]<UL><LI> guidev_measure.o(.constdata)
</UL>
<P><STRONG><a name="[12a]"></a>_DrawVLine</STRONG> (Thumb, 12 bytes, Stack size 0 bytes, guidev_measure.o(i._DrawVLine))
<BR><BR>[Stack]<UL><LI>Max Depth = 24<LI>Call Chain = _DrawVLine &rArr; _MarkRect
</UL>
<BR>[Calls]<UL><LI><a href="#[484]">&gt;&gt;</a>&nbsp;&nbsp;&nbsp;_MarkRect
</UL>
<BR>[Address Reference Count : 1]<UL><LI> guidev_measure.o(.constdata)
</UL>
<P><STRONG><a name="[c1]"></a>_FillPolygon</STRONG> (Thumb, 140 bytes, Stack size 40 bytes, guidev_measure.o(i._FillPolygon))
<BR><BR>[Stack]<UL><LI>Max Depth = 64<LI>Call Chain = _FillPolygon &rArr; _MarkRect
</UL>
<BR>[Calls]<UL><LI><a href="#[46a]">&gt;&gt;</a>&nbsp;&nbsp;&nbsp;GUI_MoveRect
<LI><a href="#[484]">&gt;&gt;</a>&nbsp;&nbsp;&nbsp;_MarkRect
</UL>
<BR>[Address Reference Count : 1]<UL><LI> guidev_measure.o(i._GetDevFunc)
</UL>
<P><STRONG><a name="[c2]"></a>_FillPolygonAA</STRONG> (Thumb, 212 bytes, Stack size 40 bytes, guidev_measure.o(i._FillPolygonAA))
<BR><BR>[Stack]<UL><LI>Max Depth = 64<LI>Call Chain = _FillPolygonAA &rArr; _MarkRect
</UL>
<BR>[Calls]<UL><LI><a href="#[46a]">&gt;&gt;</a>&nbsp;&nbsp;&nbsp;GUI_MoveRect
<LI><a href="#[484]">&gt;&gt;</a>&nbsp;&nbsp;&nbsp;_MarkRect
</UL>
<BR>[Address Reference Count : 1]<UL><LI> guidev_measure.o(i._GetDevFunc)
</UL>
<P><STRONG><a name="[12b]"></a>_FillRect</STRONG> (Thumb, 20 bytes, Stack size 8 bytes, guidev_measure.o(i._FillRect))
<BR><BR>[Stack]<UL><LI>Max Depth = 32<LI>Call Chain = _FillRect &rArr; _MarkRect
</UL>
<BR>[Calls]<UL><LI><a href="#[484]">&gt;&gt;</a>&nbsp;&nbsp;&nbsp;_MarkRect
</UL>
<BR>[Address Reference Count : 1]<UL><LI> guidev_measure.o(.constdata)
</UL>
<P><STRONG><a name="[132]"></a>_GetDevData</STRONG> (Thumb, 4 bytes, Stack size 0 bytes, guidev_measure.o(i._GetDevData))
<BR>[Address Reference Count : 1]<UL><LI> guidev_measure.o(.constdata)
</UL>
<P><STRONG><a name="[130]"></a>_GetDevFunc</STRONG> (Thumb, 18 bytes, Stack size 0 bytes, guidev_measure.o(i._GetDevFunc))
<BR>[Address Reference Count : 1]<UL><LI> guidev_measure.o(.constdata)
</UL>
<P><STRONG><a name="[131]"></a>_GetDevProp</STRONG> (Thumb, 4 bytes, Stack size 0 bytes, guidev_measure.o(i._GetDevProp))
<BR>[Address Reference Count : 1]<UL><LI> guidev_measure.o(.constdata)
</UL>
<P><STRONG><a name="[12c]"></a>_GetPixelIndex</STRONG> (Thumb, 4 bytes, Stack size 0 bytes, guidev_measure.o(i._GetPixelIndex))
<BR>[Address Reference Count : 1]<UL><LI> guidev_measure.o(.constdata)
</UL>
<P><STRONG><a name="[133]"></a>_GetRect</STRONG> (Thumb, 18 bytes, Stack size 0 bytes, guidev_measure.o(i._GetRect))
<BR>[Address Reference Count : 1]<UL><LI> guidev_measure.o(.constdata)
</UL>
<P><STRONG><a name="[484]"></a>_MarkRect</STRONG> (Thumb, 78 bytes, Stack size 24 bytes, guidev_measure.o(i._MarkRect))
<BR><BR>[Stack]<UL><LI>Max Depth = 24<LI>Call Chain = _MarkRect
</UL>
<BR>[Calls]<UL><LI><a href="#[27d]">&gt;&gt;</a>&nbsp;&nbsp;&nbsp;GUI_ALLOC_UnlockH
<LI><a href="#[27c]">&gt;&gt;</a>&nbsp;&nbsp;&nbsp;GUI_ALLOC_LockH
</UL>
<BR>[Called By]<UL><LI><a href="#[12b]">&gt;&gt;</a>&nbsp;&nbsp;&nbsp;_FillRect
<LI><a href="#[c2]">&gt;&gt;</a>&nbsp;&nbsp;&nbsp;_FillPolygonAA
<LI><a href="#[c1]">&gt;&gt;</a>&nbsp;&nbsp;&nbsp;_FillPolygon
<LI><a href="#[12a]">&gt;&gt;</a>&nbsp;&nbsp;&nbsp;_DrawVLine
<LI><a href="#[129]">&gt;&gt;</a>&nbsp;&nbsp;&nbsp;_DrawHLine
<LI><a href="#[128]">&gt;&gt;</a>&nbsp;&nbsp;&nbsp;_DrawBitmap
</UL>

<P><STRONG><a name="[12f]"></a>_SetOrg</STRONG> (Thumb, 8 bytes, Stack size 0 bytes, guidev_measure.o(i._SetOrg))
<BR>[Address Reference Count : 1]<UL><LI> guidev_measure.o(.constdata)
</UL>
<P><STRONG><a name="[12d]"></a>_SetPixelIndex</STRONG> (Thumb, 74 bytes, Stack size 16 bytes, guidev_measure.o(i._SetPixelIndex))
<BR><BR>[Stack]<UL><LI>Max Depth = 16<LI>Call Chain = _SetPixelIndex
</UL>
<BR>[Calls]<UL><LI><a href="#[27d]">&gt;&gt;</a>&nbsp;&nbsp;&nbsp;GUI_ALLOC_UnlockH
<LI><a href="#[27c]">&gt;&gt;</a>&nbsp;&nbsp;&nbsp;GUI_ALLOC_LockH
</UL>
<BR>[Address Reference Count : 1]<UL><LI> guidev_measure.o(.constdata)
</UL>
<P><STRONG><a name="[12e]"></a>_XorPixel</STRONG> (Thumb, 74 bytes, Stack size 16 bytes, guidev_measure.o(i._XorPixel))
<BR><BR>[Stack]<UL><LI>Max Depth = 16<LI>Call Chain = _XorPixel
</UL>
<BR>[Calls]<UL><LI><a href="#[27d]">&gt;&gt;</a>&nbsp;&nbsp;&nbsp;GUI_ALLOC_UnlockH
<LI><a href="#[27c]">&gt;&gt;</a>&nbsp;&nbsp;&nbsp;GUI_ALLOC_LockH
</UL>
<BR>[Address Reference Count : 1]<UL><LI> guidev_measure.o(.constdata)
</UL>
<P><STRONG><a name="[135]"></a>GUI_USAGE_BM_AddHLine</STRONG> (Thumb, 120 bytes, Stack size 16 bytes, guidev_usagebm.o(i.GUI_USAGE_BM_AddHLine))
<BR><BR>[Stack]<UL><LI>Max Depth = 16<LI>Call Chain = GUI_USAGE_BM_AddHLine
</UL>
<BR>[Calls]<UL><LI><a href="#[13f]">&gt;&gt;</a>&nbsp;&nbsp;&nbsp;__aeabi_memset
</UL>
<BR>[Address Reference Count : 1]<UL><LI> guidev_usagebm.o(.constdata)
</UL>
<P><STRONG><a name="[134]"></a>GUI_USAGE_BM_AddPixel</STRONG> (Thumb, 46 bytes, Stack size 0 bytes, guidev_usagebm.o(i.GUI_USAGE_BM_AddPixel))
<BR>[Address Reference Count : 1]<UL><LI> guidev_usagebm.o(.constdata)
</UL>
<P><STRONG><a name="[136]"></a>GUI_USAGE_BM_Clear</STRONG> (Thumb, 14 bytes, Stack size 0 bytes, guidev_usagebm.o(i.GUI_USAGE_BM_Clear))
<BR><BR>[Calls]<UL><LI><a href="#[2f0]">&gt;&gt;</a>&nbsp;&nbsp;&nbsp;__aeabi_memclr4
</UL>
<BR>[Address Reference Count : 1]<UL><LI> guidev_usagebm.o(.constdata)
</UL>
<P><STRONG><a name="[138]"></a>GUI_USAGE_BM_GetNextDirty</STRONG> (Thumb, 184 bytes, Stack size 8 bytes, guidev_usagebm.o(i.GUI_USAGE_BM_GetNextDirty))
<BR><BR>[Stack]<UL><LI>Max Depth = 8<LI>Call Chain = GUI_USAGE_BM_GetNextDirty
</UL>
<BR>[Address Reference Count : 1]<UL><LI> guidev_usagebm.o(.constdata)
</UL>
<P><STRONG><a name="[137]"></a>_GUI_USAGE_BM_Delete</STRONG> (Thumb, 4 bytes, Stack size 0 bytes, guidev_usagebm.o(i._GUI_USAGE_BM_Delete))
<BR><BR>[Stack]<UL><LI>Max Depth = 48<LI>Call Chain = _GUI_USAGE_BM_Delete &rArr; GUI_ALLOC_Free &rArr; _AddFreeMemory &rArr; _RemoveFreeBlock
</UL>
<BR>[Calls]<UL><LI><a href="#[27e]">&gt;&gt;</a>&nbsp;&nbsp;&nbsp;GUI_ALLOC_Free
</UL>
<BR>[Address Reference Count : 1]<UL><LI> guidev_usagebm.o(.constdata)
</UL>
<P><STRONG><a name="[98]"></a>_OnExit</STRONG> (Thumb, 36 bytes, Stack size 8 bytes, gui__alpha.o(i._OnExit))
<BR><BR>[Stack]<UL><LI>Max Depth = 8<LI>Call Chain = _OnExit
</UL>
<BR>[Calls]<UL><LI><a href="#[28d]">&gt;&gt;</a>&nbsp;&nbsp;&nbsp;GUI_ALLOC_FreeFixedBlock
</UL>
<BR>[Address Reference Count : 1]<UL><LI> gui__alpha.o(i.GUI__GetAlphaBuffer)
</UL>
<P><STRONG><a name="[139]"></a>_Color2Index_0</STRONG> (Thumb, 110 bytes, Stack size 32 bytes, guicc_0.o(i._Color2Index_0))
<BR><BR>[Stack]<UL><LI>Max Depth = 48<LI>Call Chain = _Color2Index_0 &rArr; LCD_GetNumColors
</UL>
<BR>[Calls]<UL><LI><a href="#[367]">&gt;&gt;</a>&nbsp;&nbsp;&nbsp;LCD_GetPalette
<LI><a href="#[364]">&gt;&gt;</a>&nbsp;&nbsp;&nbsp;LCD_GetNumColors
<LI><a href="#[479]">&gt;&gt;</a>&nbsp;&nbsp;&nbsp;GUI_CalcColorDist
</UL>
<BR>[Address Reference Count : 1]<UL><LI> guicc_0.o(.constdata)
</UL>
<P><STRONG><a name="[13b]"></a>_GetIndexMask_0</STRONG> (Thumb, 82 bytes, Stack size 8 bytes, guicc_0.o(i._GetIndexMask_0))
<BR><BR>[Stack]<UL><LI>Max Depth = 24<LI>Call Chain = _GetIndexMask_0 &rArr; LCD_GetNumColors
</UL>
<BR>[Calls]<UL><LI><a href="#[364]">&gt;&gt;</a>&nbsp;&nbsp;&nbsp;LCD_GetNumColors
</UL>
<BR>[Address Reference Count : 1]<UL><LI> guicc_0.o(.constdata)
</UL>
<P><STRONG><a name="[13a]"></a>_Index2Color_0</STRONG> (Thumb, 32 bytes, Stack size 16 bytes, guicc_0.o(i._Index2Color_0))
<BR><BR>[Stack]<UL><LI>Max Depth = 32<LI>Call Chain = _Index2Color_0 &rArr; LCD_GetNumColors
</UL>
<BR>[Calls]<UL><LI><a href="#[367]">&gt;&gt;</a>&nbsp;&nbsp;&nbsp;LCD_GetPalette
<LI><a href="#[364]">&gt;&gt;</a>&nbsp;&nbsp;&nbsp;LCD_GetNumColors
</UL>
<BR>[Address Reference Count : 1]<UL><LI> guicc_0.o(.constdata)
</UL>
<P><STRONG><a name="[21]"></a>_NextPixel_End</STRONG> (Thumb, 32 bytes, Stack size 8 bytes, lcd_nextpixelapi.o(i._NextPixel_End))
<BR><BR>[Stack]<UL><LI>Max Depth = 56<LI>Call Chain = _NextPixel_End &rArr; GUI_ALLOC_Free &rArr; _AddFreeMemory &rArr; _RemoveFreeBlock
</UL>
<BR>[Calls]<UL><LI><a href="#[27d]">&gt;&gt;</a>&nbsp;&nbsp;&nbsp;GUI_ALLOC_UnlockH
<LI><a href="#[27e]">&gt;&gt;</a>&nbsp;&nbsp;&nbsp;GUI_ALLOC_Free
<LI><a href="#[48a]">&gt;&gt;</a>&nbsp;&nbsp;&nbsp;_NextPixel_FlushBuffer
</UL>
<BR>[Address Reference Count : 1]<UL><LI> lcd_nextpixelapi.o(.data)
</UL>
<P><STRONG><a name="[48a]"></a>_NextPixel_FlushBuffer</STRONG> (Thumb, 74 bytes, Stack size 40 bytes, lcd_nextpixelapi.o(i._NextPixel_FlushBuffer))
<BR><BR>[Stack]<UL><LI>Max Depth = 40<LI>Call Chain = _NextPixel_FlushBuffer
</UL>
<BR>[Called By]<UL><LI><a href="#[1f]">&gt;&gt;</a>&nbsp;&nbsp;&nbsp;_NextPixel_SetPixel
<LI><a href="#[20]">&gt;&gt;</a>&nbsp;&nbsp;&nbsp;_NextPixel_NextLine
<LI><a href="#[21]">&gt;&gt;</a>&nbsp;&nbsp;&nbsp;_NextPixel_End
</UL>

<P><STRONG><a name="[20]"></a>_NextPixel_NextLine</STRONG> (Thumb, 26 bytes, Stack size 8 bytes, lcd_nextpixelapi.o(i._NextPixel_NextLine))
<BR><BR>[Stack]<UL><LI>Max Depth = 48<LI>Call Chain = _NextPixel_NextLine &rArr; _NextPixel_FlushBuffer
</UL>
<BR>[Calls]<UL><LI><a href="#[48a]">&gt;&gt;</a>&nbsp;&nbsp;&nbsp;_NextPixel_FlushBuffer
</UL>
<BR>[Address Reference Count : 1]<UL><LI> lcd_nextpixelapi.o(.data)
</UL>
<P><STRONG><a name="[1f]"></a>_NextPixel_SetPixel</STRONG> (Thumb, 276 bytes, Stack size 8 bytes, lcd_nextpixelapi.o(i._NextPixel_SetPixel))
<BR><BR>[Stack]<UL><LI>Max Depth = 48<LI>Call Chain = _NextPixel_SetPixel &rArr; _NextPixel_FlushBuffer
</UL>
<BR>[Calls]<UL><LI><a href="#[48a]">&gt;&gt;</a>&nbsp;&nbsp;&nbsp;_NextPixel_FlushBuffer
</UL>
<BR>[Address Reference Count : 1]<UL><LI> lcd_nextpixelapi.o(.data)
</UL>
<P><STRONG><a name="[1e]"></a>_NextPixel_Start</STRONG> (Thumb, 148 bytes, Stack size 32 bytes, lcd_nextpixelapi.o(i._NextPixel_Start))
<BR><BR>[Stack]<UL><LI>Max Depth = 192<LI>Call Chain = _NextPixel_Start &rArr; GUI_ALLOC_GetMaxSize &rArr; _InitOnce &rArr; _EnlargeBlocks &rArr; _Alloc &rArr;  _InitOnce (Cycle)
</UL>
<BR>[Calls]<UL><LI><a href="#[2e2]">&gt;&gt;</a>&nbsp;&nbsp;&nbsp;GUI_GetBitsPerPixelEx
<LI><a href="#[27c]">&gt;&gt;</a>&nbsp;&nbsp;&nbsp;GUI_ALLOC_LockH
<LI><a href="#[283]">&gt;&gt;</a>&nbsp;&nbsp;&nbsp;GUI_ALLOC_GetMaxSize
<LI><a href="#[279]">&gt;&gt;</a>&nbsp;&nbsp;&nbsp;GUI_ALLOC_AllocNoInit
</UL>
<BR>[Address Reference Count : 1]<UL><LI> lcd_nextpixelapi.o(.data)
</UL>
<P><STRONG><a name="[48e]"></a>_printf_core</STRONG> (Thumb, 748 bytes, Stack size 96 bytes, printf6.o(i._printf_core), UNUSED)
<BR><BR>[Calls]<UL><LI><a href="#[491]">&gt;&gt;</a>&nbsp;&nbsp;&nbsp;__aeabi_uidivmod
<LI><a href="#[490]">&gt;&gt;</a>&nbsp;&nbsp;&nbsp;_printf_pre_padding
<LI><a href="#[492]">&gt;&gt;</a>&nbsp;&nbsp;&nbsp;_printf_post_padding
</UL>
<BR>[Called By]<UL><LI><a href="#[48d]">&gt;&gt;</a>&nbsp;&nbsp;&nbsp;__0sprintf$6
</UL>

<P><STRONG><a name="[492]"></a>_printf_post_padding</STRONG> (Thumb, 36 bytes, Stack size 24 bytes, printf6.o(i._printf_post_padding), UNUSED)
<BR><BR>[Called By]<UL><LI><a href="#[48e]">&gt;&gt;</a>&nbsp;&nbsp;&nbsp;_printf_core
</UL>

<P><STRONG><a name="[490]"></a>_printf_pre_padding</STRONG> (Thumb, 46 bytes, Stack size 24 bytes, printf6.o(i._printf_pre_padding), UNUSED)
<BR><BR>[Called By]<UL><LI><a href="#[48e]">&gt;&gt;</a>&nbsp;&nbsp;&nbsp;_printf_core
</UL>

<P><STRONG><a name="[c4]"></a>_sputc</STRONG> (Thumb, 10 bytes, Stack size 0 bytes, printf6.o(i._sputc))
<BR><BR>[Called By]<UL><LI><a href="#[48d]">&gt;&gt;</a>&nbsp;&nbsp;&nbsp;__0sprintf$6
</UL>
<BR>[Address Reference Count : 1]<UL><LI> printf6.o(i.__0sprintf$6)
</UL><P>
<H3>
Undefined Global Symbols
</H3><HR></body></html>
